Microchip MPLAB XC8 Compiler V1.38 ()

Linker command line:

-W-3 --edf=C:\Program Files (x86)\Microchip\xc8\v1.38\dat\en_msgs.txt -cs \
  -h+dist/default/debug\mini-project.debug.sym \
  --cmf=dist/default/debug\mini-project.debug.cmf -z -Q18F8722 \
  -oC:\Users\Jack\AppData\Local\Temp\s9no.2 \
  -Mdist/default/debug/mini-project.debug.map -E1 -ver=XC8 \
  -ASTACK=084h-0eeeh -pstack=STACK -ACODE=00h-01FCFFh -ACONST=00h-01FCFFh \
  -ASMALLCONST=01000h-010FFhx493 \
  -AMEDIUMCONST=01000h-0FFFFh,011000h-01FCFFh -ACOMRAM=01h-05Fh \
  -AABS1=00h-0EEEh,0F00h-0F5Fh -ABIGRAM=01h-0EEEh,0F00h-0F5Fh \
  -ARAM=060h-0FFh,0100h-01FFhx13,0E00h-0EEEh,0F00h-0F5Fh -ABANK0=060h-0FFh \
  -ABANK1=0100h-01FFh -ABANK2=0200h-02FFh -ABANK3=0300h-03FFh \
  -ABANK4=0400h-04FFh -ABANK5=0500h-05FFh -ABANK6=0600h-06FFh \
  -ABANK7=0700h-07FFh -ABANK8=0800h-08FFh -ABANK9=0900h-09FFh \
  -ABANK10=0A00h-0AFFh -ABANK11=0B00h-0BFFh -ABANK12=0C00h-0CFFh \
  -ABANK13=0D00h-0DFFh -ABANK14=0E00h-0EEEh -ABANK15=0F00h-0F5Fh \
  -ASFR=0F60h-0F9Bh,0F9Dh-0FD3h,0FD5h-0FDAh,0FE0h-0FE2h,0FE8h-0FEAh,0FF0h-0FFBh \
  -preset_vec=00h,intcode=08h,intcodelo=018h,powerup,init,end_init \
  -pramtop=01000h -psmallconst=SMALLCONST -pmediumconst=MEDIUMCONST \
  -pconst=CONST -AFARRAM=00h-00h -ACONFIG=0300000h-030000Dh -pconfig=CONFIG \
  -AIDLOC=0200000h-0200007h -pidloc=IDLOC -AEEDATA=0F00000h-0F003FFh \
  -peeprom_data=EEDATA \
  -prdata=COMRAM,nvrram=COMRAM,nvbit=COMRAM,rbss=COMRAM,rbit=COMRAM \
  -pfarbss=FARRAM,fardata=FARRAM,nvFARRAM=FARRAM \
  -pintsave_regs=BIGRAM,bigbss=BIGRAM,bigdata=BIGRAM -pbss=RAM \
  -pidata=CODE,irdata=CODE,ibigdata=CODE,ifardata=CODE -prparam=COMRAM \
  C:\Users\Jack\AppData\Local\Temp\s9no.obj \
  dist/default/debug\mini-project.debug.obj 

Object code version is 3.11

Machine type is 18F8722

Call graph: (short form)




                Name                               Link     Load   Length Selector   Space Scale
C:\Users\Jack\AppData\Local\Temp\s9no.obj
                end_init                             B0       B0        4        C       0
                reset_vec                             0        0        6        0       0
                idloc                            200000   200000        8   200000       0
                config                           300000   300000        E   300000       0
dist/default/debug\mini-project.debug.obj
                intcodelo                            18       18       98        C       0
                intcode                               8        8        E        4       0
                temp                                 38       38        1        1       1
                smallconst                         1000     1000       40      800       0
                text46                             279C     279C       16      820       0
                text45                             25D4     25D4       48      820       0
                text44                             27E8     27E8       12      820       0
                intcode_body                       2008     2008       8E      820       0
                text42                             27D6     27D6       12      820       0
                text41                             251A     251A       5E      820       0
                text39                             2786     2786       16      820       0
                text38                             2722     2722       20      820       0
                text37                             2816     2816        C      820       0
                text36                             261C     261C       42      820       0
                text35                             2578     2578       5C      820       0
                text34                             1C32     1C32       D6      820       0
                text33                             2742     2742       18      820       0
                text32                             2836     2836        4      820       0
                text31                             2096     2096       84      820       0
                text30                             24AA     24AA       70      820       0
                text29                             1B2E     1B2E      104      820       0
                text28                             1A08     1A08      126      820       0
                text27                             243A     243A       70      820       0
                text26                             2808     2808        E      820       0
                text25                             23C8     23C8       72      820       0
                text24                             2356     2356       72      820       0
                text23                             211A     211A       74      820       0
                text22                             22E4     22E4       72      820       0
                text21                             2272     2272       72      820       0
                text20                             2200     2200       72      820       0
                text19                             26CC     26CC       34      820       0
                text18                             2698     2698       34      820       0
                text17                             1F60     1F60       A8      820       0
                text16                             1E98     1E98       C8      820       0
                text15                             1DD0     1DD0       C8      820       0
                text14                             2700     2700       22      820       0
                text13                             173E     173E      19A      820       0
                text12                             12E0     12E0      280      820       0
                text11                             1D08     1D08       C8      820       0
                text10                             18D8     18D8      130      820       0
                text9                              218E     218E       72      820       0
                text8                              1040     1040      2A0      820       0
                text7                              27FA     27FA        E      820       0
                text6                              2770     2770       16      820       0
                text5                              275A     275A       16      820       0
                text4                              27C4     27C4       12      820       0
                text3                              27B2     27B2       12      820       0
                text2                              282A     282A        8      820       0
                text1                              2822     2822        8      820       0
                text0                              1560     1560      1DE      820       0
                cstackCOMRAM                          1        1       30        1       1
                cstackBANK0                          7A       7A        A       60       1
                bssBANK0                             60       60       1A       60       1
                dataCOMRAM                           31       31        4        1       1
                bssCOMRAM                            35       35        2        1       1
                cinit                              265E     265E       3A      820       0
                nvCOMRAM                             37       37        1        1       1
                idataCOMRAM                        2832     2832        4      820       0

TOTAL           Name                               Link     Load   Length     Space
        CLASS   STACK          

        CLASS   CODE           
                end_init                             B0       B0        4         0
                intcodelo                            18       18       98         0
                intcode                               8        8        E         0
                reset_vec                             0        0        6         0
                text46                             279C     279C       16         0
                text45                             25D4     25D4       48         0
                text44                             27E8     27E8       12         0
                intcode_body                       2008     2008       8E         0
                text42                             27D6     27D6       12         0
                text41                             251A     251A       5E         0
                text39                             2786     2786       16         0
                text38                             2722     2722       20         0
                text37                             2816     2816        C         0
                text36                             261C     261C       42         0
                text35                             2578     2578       5C         0
                text34                             1C32     1C32       D6         0
                text33                             2742     2742       18         0
                text32                             2836     2836        4         0
                text31                             2096     2096       84         0
                text30                             24AA     24AA       70         0
                text29                             1B2E     1B2E      104         0
                text28                             1A08     1A08      126         0
                text27                             243A     243A       70         0
                text26                             2808     2808        E         0
                text25                             23C8     23C8       72         0
                text24                             2356     2356       72         0
                text23                             211A     211A       74         0
                text22                             22E4     22E4       72         0
                text21                             2272     2272       72         0
                text20                             2200     2200       72         0
                text19                             26CC     26CC       34         0
                text18                             2698     2698       34         0
                text17                             1F60     1F60       A8         0
                text16                             1E98     1E98       C8         0
                text15                             1DD0     1DD0       C8         0
                text14                             2700     2700       22         0
                text13                             173E     173E      19A         0
                text12                             12E0     12E0      280         0
                text11                             1D08     1D08       C8         0
                text10                             18D8     18D8      130         0
                text9                              218E     218E       72         0
                text8                              1040     1040      2A0         0
                text7                              27FA     27FA        E         0
                text6                              2770     2770       16         0
                text5                              275A     275A       16         0
                text4                              27C4     27C4       12         0
                text3                              27B2     27B2       12         0
                text2                              282A     282A        8         0
                text1                              2822     2822        8         0
                text0                              1560     1560      1DE         0
                cinit                              265E     265E       3A         0
                idataCOMRAM                        2832     2832        4         0

        CLASS   CONST          

        CLASS   SMALLCONST     
                smallconst                         1000     1000       40         0

        CLASS   MEDIUMCONST    

        CLASS   COMRAM         
                temp                                 38       38        1         1
                cstackCOMRAM                          1        1       30         1
                dataCOMRAM                           31       31        4         1
                bssCOMRAM                            35       35        2         1
                nvCOMRAM                             37       37        1         1

        CLASS   ABS1           

        CLASS   BIGRAM         

        CLASS   RAM            

        CLASS   BANK0          
                cstackBANK0                          7A       7A        A         1
                bssBANK0                             60       60       1A         1

        CLASS   BANK1          

        CLASS   BANK2          

        CLASS   BANK3          

        CLASS   BANK4          

        CLASS   BANK5          

        CLASS   BANK6          

        CLASS   BANK7          

        CLASS   BANK8          

        CLASS   BANK9          

        CLASS   BANK10         

        CLASS   BANK11         

        CLASS   BANK12         

        CLASS   BANK13         

        CLASS   BANK14         

        CLASS   BANK15         

        CLASS   SFR            

        CLASS   FARRAM         

        CLASS   CONFIG         
                config                           300000   300000        E         0

        CLASS   IDLOC          
                idloc                            200000   200000        8         0

        CLASS   EEDATA         



SEGMENTS        Name                           Load    Length   Top    Selector   Space  Class

                reset_vec                      000000  000006  000006         0       0  CODE    
                cstackCOMRAM                   000001  000038  000039         1       1  COMRAM  
                intcode                        000008  00000E  000016         4       0  CODE    
                intcodelo                      000018  00009C  0000B4         C       0  CODE    
                bssBANK0                       000060  000024  000084        60       1  BANK0   
                smallconst                     001000  000040  001040       800       0  SMALLCON
                text8                          001040  0017FA  00283A       820       0  CODE    
                idloc                          200000  000008  200008    200000       0  IDLOC   
                config                         300000  00000E  30000E    300000       0  CONFIG  


UNUSED ADDRESS RANGES

        Name                Unused          Largest block    Delta
        BANK0            000084-0000FF               7C
        BANK1            000100-0001FF              100
        BANK10           000A00-000AFF              100
        BANK11           000B00-000BFF              100
        BANK12           000C00-000CFF              100
        BANK13           000D00-000DFF              100
        BANK14           000E00-000EEE               EF
        BANK15           000F00-000F5F               60
        BANK2            000200-0002FF              100
        BANK3            000300-0003FF              100
        BANK4            000400-0004FF              100
        BANK5            000500-0005FF              100
        BANK6            000600-0006FF              100
        BANK7            000700-0007FF              100
        BANK8            000800-0008FF              100
        BANK9            000900-0009FF              100
        BIGRAM           000039-00005F               27
                         000084-000EEE              E6B
                         000F00-000F5F               60
        CODE             000006-000007                2
                         000016-000017                2
                         0000B4-000FFF              F4C
                         00283A-01FCFF            1D4C6
        COMRAM           000039-00005F               27
        CONST            000006-000007                2
                         000016-000017                2
                         0000B4-000FFF              F4C
                         00283A-01FCFF            1D4C6
        EEDATA           F00000-F003FF              400
        MEDIUMCONST      00283A-00FFFF             D7C6
                         011000-01FCFF             ED00
        RAM              000084-000EEE              100
                         000F00-000F5F               60
        SFR              000F60-000F9B               3C
                         000F9D-000FD3               37
                         000FD5-000FDA                6
                         000FE0-000FE2                3
                         000FE8-000FEA                3
                         000FF0-000FFB                C
        SMALLCONST       00283A-01FCFF              100
        STACK            000084-000EEE              E6B

                                  Symbol Table

?_ReadADC                       cstackCOMRAM 000028
?___awdiv                       cstackCOMRAM 000028
?___awmod                       cstackCOMRAM 000028
?___lwmod                       cstackCOMRAM 000028
CalcLeapYear@year               cstackCOMRAM 00002D
CurrentDisplay@index            cstackBANK0  00007F
Delay10KTCYx@unit               cstackCOMRAM 000029
Num2Disp@tens                   cstackBANK0  00007D
Num2Disp@time                   cstackBANK0  00007A
Num2Disp@units                  cstackBANK0  00007E
SetDay@dd                       cstackBANK0  00007A
SetHrs@th                       cstackCOMRAM 00002A
SetMins@tm                      cstackCOMRAM 00002A
SetMonth@dm                     cstackCOMRAM 00002A
SetSecs@ts                      cstackCOMRAM 00002A
SetYear@dy                      cstackCOMRAM 00002A
Switches@temp                   cstackCOMRAM 000028
Switches@temp1                  cstackCOMRAM 00002A
Switches@temp2                  cstackCOMRAM 000029
WriteTimer0@timer               cstackCOMRAM 00002A
WriteTimer0@timer0              cstackCOMRAM 000028
WriteTimer1@timer               cstackCOMRAM 00002A
WriteTimer1@timer1              cstackCOMRAM 000028
_ADCON0                         (abs)        000FC2
_ADCON0bits                     (abs)        000FC2
_ADCON1                         (abs)        000FC1
_ADCON2                         (abs)        000FC0
_ADRESH                         (abs)        000FC4
_ADRESL                         (abs)        000FC3
_Alarm1Flash                    text25       0023C8
_Alarm1On                       bssCOMRAM    000035
_Alarm1Time                     bssBANK0     000074
_Alarm2Date                     bssBANK0     000060
_Alarm2On                       bssCOMRAM    000036
_Alarm2Time                     bssBANK0     000065
_BootTest                       text38       002722
_BusyADC                        text37       002816
_CalcDate                       text34       001C32
_CalcLeapYear                   text35       002578
_ConfigureIO                    text33       002742
_ConvertADC                     text32       002836
_CurrentDisplay                 text28       001A08
_DayFlash                       text24       002356
_DaysInMonth                    smallconst   00101A
_DaysInMonthLeap                smallconst   001027
_DegreesFlash                   text27       00243A
_Delay10KTCYx                   text39       002786
_DispChars                      smallconst   001001
_DispNums                       smallconst   001034
_HrsFlash                       text22       0022E4
_INTCON2bits                    (abs)        000FF1
_INTCONbits                     (abs)        000FF2
_IPR1bits                       (abs)        000F9F
_LATAbits                       (abs)        000F89
_LATF                           (abs)        000F8E
_LATHbits                       (abs)        000F90
_MainDate                       bssBANK0     00006F
_MainTime                       bssBANK0     000077
_MinsFlash                      text21       002272
_MonthFlash                     text23       00211A
_Num2Disp                       text29       001B2E
_PB1pressed                     text19       0026CC
_PB2pressed                     text18       002698
_PIE1bits                       (abs)        000F9D
_PIR1bits                       (abs)        000F9E
_PORTBbits                      (abs)        000F81
_PORTC                          (abs)        000F82
_PORTH                          (abs)        000F87
_PORTJbits                      (abs)        000F88
_RB0_isr                        text46       00279C
_RCONbits                       (abs)        000FD0
_ReadADC                        text26       002808
_SecsFlash                      text20       002200
_SetAlarm1                      text13       00173E
_SetDay                         text12       0012E0
_SetHrs                         text17       001F60
_SetMenu                        text8        001040
_SetMins                        text16       001E98
_SetMonth                       text11       001D08
_SetSecs                        text15       001DD0
_SetYear                        text10       0018D8
_StartADC                       text7        0027FA
_StartTimer0                    text6        002770
_StartTimer1                    text5        00275A
_Switches                       text14       002700
_T0CON                          (abs)        000FD5
_T0CONbits                      (abs)        000FD5
_T1CON                          (abs)        000FCD
_T1CONbits                      (abs)        000FCD
_TMR0H                          (abs)        000FD7
_TMR0L                          (abs)        000FD6
_TMR1H                          (abs)        000FCF
_TMR1L                          (abs)        000FCE
_TRISA                          (abs)        000F92
_TRISB                          (abs)        000F93
_TRISC                          (abs)        000F94
_TRISF                          (abs)        000F97
_TRISH                          (abs)        000F99
_TRISJ                          (abs)        000F9A
_Timer0_isr                     text41       00251A
_Timer1_isr                     text45       0025D4
_WriteTimer0                    text4        0027C4
_WriteTimer1                    text3        0027B2
_YearFlash                      text9        00218E
__CFG_ADDRBW$ADDR20BIT          (abs)        000000
__CFG_BBSIZ$BB2K                (abs)        000000
__CFG_BOREN$OFF                 (abs)        000000
__CFG_BORV$0                    (abs)        000000
__CFG_CCP2MX$PORTC              (abs)        000000
__CFG_CP0$OFF                   (abs)        000000
__CFG_CP1$OFF                   (abs)        000000
__CFG_CP2$OFF                   (abs)        000000
__CFG_CP3$OFF                   (abs)        000000
__CFG_CP4$OFF                   (abs)        000000
__CFG_CP5$OFF                   (abs)        000000
__CFG_CP6$OFF                   (abs)        000000
__CFG_CP7$OFF                   (abs)        000000
__CFG_CPB$OFF                   (abs)        000000
__CFG_CPD$OFF                   (abs)        000000
__CFG_DATABW$DATA16BIT          (abs)        000000
__CFG_EBTR0$OFF                 (abs)        000000
__CFG_EBTR1$OFF                 (abs)        000000
__CFG_EBTR2$OFF                 (abs)        000000
__CFG_EBTR3$OFF                 (abs)        000000
__CFG_EBTR4$OFF                 (abs)        000000
__CFG_EBTR5$OFF                 (abs)        000000
__CFG_EBTR6$OFF                 (abs)        000000
__CFG_EBTR7$OFF                 (abs)        000000
__CFG_EBTRB$OFF                 (abs)        000000
__CFG_ECCPMX$PORTE              (abs)        000000
__CFG_FCMEN$OFF                 (abs)        000000
__CFG_IESO$OFF                  (abs)        000000
__CFG_LPT1OSC$OFF               (abs)        000000
__CFG_LVP$OFF                   (abs)        000000
__CFG_MCLRE$ON                  (abs)        000000
__CFG_MODE$MC                   (abs)        000000
__CFG_OSC$HS                    (abs)        000000
__CFG_PWRT$OFF                  (abs)        000000
__CFG_STVREN$OFF                (abs)        000000
__CFG_WAIT$OFF                  (abs)        000000
__CFG_WDT$OFF                   (abs)        000000
__CFG_WDTPS$32768               (abs)        000000
__CFG_WRT0$OFF                  (abs)        000000
__CFG_WRT1$OFF                  (abs)        000000
__CFG_WRT2$OFF                  (abs)        000000
__CFG_WRT3$OFF                  (abs)        000000
__CFG_WRT4$OFF                  (abs)        000000
__CFG_WRT5$OFF                  (abs)        000000
__CFG_WRT6$OFF                  (abs)        000000
__CFG_WRT7$OFF                  (abs)        000000
__CFG_WRTB$OFF                  (abs)        000000
__CFG_WRTC$OFF                  (abs)        000000
__CFG_WRTD$OFF                  (abs)        000000
__CFG_XINST$OFF                 (abs)        000000
__HRAM                          (abs)        000000
__Habs1                         abs1         000000
__Hbank0                        bank0        000000
__Hbank1                        bank1        000000
__Hbank10                       bank10       000000
__Hbank11                       bank11       000000
__Hbank12                       bank12       000000
__Hbank13                       bank13       000000
__Hbank14                       bank14       000000
__Hbank15                       bank15       000000
__Hbank2                        bank2        000000
__Hbank3                        bank3        000000
__Hbank4                        bank4        000000
__Hbank5                        bank5        000000
__Hbank6                        bank6        000000
__Hbank7                        bank7        000000
__Hbank8                        bank8        000000
__Hbank9                        bank9        000000
__Hbigbss                       bigbss       000000
__Hbigdata                      bigdata      000000
__Hbigram                       bigram       000000
__Hbss                          bss          000000
__HbssBANK0                     bssBANK0     000000
__HbssCOMRAM                    bssCOMRAM    000000
__Hcinit                        cinit        000000
__Hclrtext                      clrtext      000000
__Hcomram                       comram       000000
__Hconfig                       config       30000E
__Hconst                        const        000000
__HcstackBANK0                  cstackBANK0  000000
__HcstackCOMRAM                 cstackCOMRAM 000000
__Hdata                         data         000000
__HdataCOMRAM                   dataCOMRAM   000000
__Heeprom_data                  eeprom_data  000000
__Hend_init                     end_init     0000B4
__Hfarbss                       farbss       000000
__Hfardata                      fardata      000000
__Hibigdata                     ibigdata     000000
__Hidata                        idata        000000
__HidataCOMRAM                  idataCOMRAM  000000
__Hidloc                        idloc        200008
__Hifardata                     ifardata     000000
__Hinit                         init         0000B0
__Hintcode                      intcode      000016
__Hintcode_body                 intcode_body 000000
__Hintcodelo                    intcodelo    0000B0
__Hintentry                     intentry     000000
__Hintret                       intret       000000
__Hintsave_regs                 intsave_regs 000000
__Hirdata                       irdata       000000
__Hmediumconst                  mediumconst  000000
__HnvCOMRAM                     nvCOMRAM     000000
__HnvFARRAM                     nvFARRAM     000000
__Hnvbit                        nvbit        000000
__Hnvrram                       nvrram       000000
__Hparam                        rparam       000000
__Hpowerup                      powerup      0000B0
__Hram                          ram          000000
__Hramtop                       ramtop       001000
__Hrbit                         rbit         000000
__Hrbss                         rbss         000000
__Hrdata                        rdata        000000
__Hreset_vec                    reset_vec    000006
__Hrparam                       rparam       000000
__Hsfr                          sfr          000000
__Hsmallconst                   smallconst   001040
__Hspace_0                      (abs)        30000E
__Hspace_1                      (abs)        000084
__Hspace_2                      (abs)        000000
__Hstack                        stack        000000
__Hstruct                       struct       000000
__Htemp                         temp         000039
__Htext                         text         000000
__Htext0                        text0        000000
__Htext1                        text1        000000
__Htext10                       text10       000000
__Htext11                       text11       000000
__Htext12                       text12       000000
__Htext13                       text13       000000
__Htext14                       text14       000000
__Htext15                       text15       000000
__Htext16                       text16       000000
__Htext17                       text17       000000
__Htext18                       text18       000000
__Htext19                       text19       000000
__Htext2                        text2        000000
__Htext20                       text20       000000
__Htext21                       text21       000000
__Htext22                       text22       000000
__Htext23                       text23       000000
__Htext24                       text24       000000
__Htext25                       text25       000000
__Htext26                       text26       000000
__Htext27                       text27       000000
__Htext28                       text28       000000
__Htext29                       text29       000000
__Htext3                        text3        000000
__Htext30                       text30       000000
__Htext31                       text31       000000
__Htext32                       text32       000000
__Htext33                       text33       000000
__Htext34                       text34       000000
__Htext35                       text35       000000
__Htext36                       text36       000000
__Htext37                       text37       000000
__Htext38                       text38       000000
__Htext39                       text39       000000
__Htext4                        text4        000000
__Htext41                       text41       000000
__Htext42                       text42       000000
__Htext44                       text44       000000
__Htext45                       text45       000000
__Htext46                       text46       000000
__Htext5                        text5        000000
__Htext6                        text6        000000
__Htext7                        text7        000000
__Htext8                        text8        000000
__Htext9                        text9        000000
__LRAM                          (abs)        000001
__Labs1                         abs1         000000
__Lbank0                        bank0        000000
__Lbank1                        bank1        000000
__Lbank10                       bank10       000000
__Lbank11                       bank11       000000
__Lbank12                       bank12       000000
__Lbank13                       bank13       000000
__Lbank14                       bank14       000000
__Lbank15                       bank15       000000
__Lbank2                        bank2        000000
__Lbank3                        bank3        000000
__Lbank4                        bank4        000000
__Lbank5                        bank5        000000
__Lbank6                        bank6        000000
__Lbank7                        bank7        000000
__Lbank8                        bank8        000000
__Lbank9                        bank9        000000
__Lbigbss                       bigbss       000000
__Lbigdata                      bigdata      000000
__Lbigram                       bigram       000000
__Lbss                          bss          000000
__LbssBANK0                     bssBANK0     000000
__LbssCOMRAM                    bssCOMRAM    000000
__Lcinit                        cinit        000000
__Lclrtext                      clrtext      000000
__Lcomram                       comram       000000
__Lconfig                       config       300000
__Lconst                        const        000000
__LcstackBANK0                  cstackBANK0  000000
__LcstackCOMRAM                 cstackCOMRAM 000000
__Ldata                         data         000000
__LdataCOMRAM                   dataCOMRAM   000000
__Leeprom_data                  eeprom_data  000000
__Lend_init                     end_init     0000B0
__Lfarbss                       farbss       000000
__Lfardata                      fardata      000000
__Libigdata                     ibigdata     000000
__Lidata                        idata        000000
__LidataCOMRAM                  idataCOMRAM  000000
__Lidloc                        idloc        200000
__Lifardata                     ifardata     000000
__Linit                         init         0000B0
__Lintcode                      intcode      000008
__Lintcode_body                 intcode_body 000000
__Lintcodelo                    intcodelo    000018
__Lintentry                     intentry     000000
__Lintret                       intret       000000
__Lintsave_regs                 intsave_regs 000000
__Lirdata                       irdata       000000
__Lmediumconst                  mediumconst  000000
__LnvCOMRAM                     nvCOMRAM     000000
__LnvFARRAM                     nvFARRAM     000000
__Lnvbit                        nvbit        000000
__Lnvrram                       nvrram       000000
__Lparam                        rparam       000000
__Lpowerup                      powerup      0000B0
__Lram                          ram          000000
__Lramtop                       ramtop       001000
__Lrbit                         rbit         000000
__Lrbss                         rbss         000000
__Lrdata                        rdata        000000
__Lreset_vec                    reset_vec    000000
__Lrparam                       rparam       000000
__Lsfr                          sfr          000000
__Lsmallconst                   smallconst   001000
__Lspace_0                      (abs)        000000
__Lspace_1                      (abs)        000000
__Lspace_2                      (abs)        000000
__Lstack                        stack        000000
__Lstruct                       struct       000000
__Ltemp                         temp         000038
__Ltext                         text         000000
__Ltext0                        text0        000000
__Ltext1                        text1        000000
__Ltext10                       text10       000000
__Ltext11                       text11       000000
__Ltext12                       text12       000000
__Ltext13                       text13       000000
__Ltext14                       text14       000000
__Ltext15                       text15       000000
__Ltext16                       text16       000000
__Ltext17                       text17       000000
__Ltext18                       text18       000000
__Ltext19                       text19       000000
__Ltext2                        text2        000000
__Ltext20                       text20       000000
__Ltext21                       text21       000000
__Ltext22                       text22       000000
__Ltext23                       text23       000000
__Ltext24                       text24       000000
__Ltext25                       text25       000000
__Ltext26                       text26       000000
__Ltext27                       text27       000000
__Ltext28                       text28       000000
__Ltext29                       text29       000000
__Ltext3                        text3        000000
__Ltext30                       text30       000000
__Ltext31                       text31       000000
__Ltext32                       text32       000000
__Ltext33                       text33       000000
__Ltext34                       text34       000000
__Ltext35                       text35       000000
__Ltext36                       text36       000000
__Ltext37                       text37       000000
__Ltext38                       text38       000000
__Ltext39                       text39       000000
__Ltext4                        text4        000000
__Ltext41                       text41       000000
__Ltext42                       text42       000000
__Ltext44                       text44       000000
__Ltext45                       text45       000000
__Ltext46                       text46       000000
__Ltext5                        text5        000000
__Ltext6                        text6        000000
__Ltext7                        text7        000000
__Ltext8                        text8        000000
__Ltext9                        text9        000000
__S0                            (abs)        30000E
__S1                            (abs)        000084
__S2                            (abs)        000000
___awdiv                        text31       002096
___awdiv@counter                cstackCOMRAM 00002C
___awdiv@dividend               cstackCOMRAM 000028
___awdiv@divisor                cstackCOMRAM 00002A
___awdiv@quotient               cstackCOMRAM 00002E
___awdiv@sign                   cstackCOMRAM 00002D
___awmod                        text30       0024AA
___awmod@counter                cstackCOMRAM 00002C
___awmod@dividend               cstackCOMRAM 000028
___awmod@divisor                cstackCOMRAM 00002A
___awmod@sign                   cstackCOMRAM 00002D
___extmem_base                  (abs)        020000
___inthi_sp                     stack        000000
___intlo_sp                     stack        000000
___lwmod                        text36       00261C
___lwmod@counter                cstackCOMRAM 00002C
___lwmod@dividend               cstackCOMRAM 000028
___lwmod@divisor                cstackCOMRAM 00002A
___param_bank                   (abs)        000010
___rparam_used                  (abs)        000001
___sp                           stack        000000
__accesstop                     (abs)        000060
__activetblptr                  (abs)        000003
__end_of_Alarm1Flash            text25       00243A
__end_of_BootTest               text38       002742
__end_of_BusyADC                text37       002822
__end_of_CalcDate               text34       001D08
__end_of_CalcLeapYear           text35       0025D4
__end_of_ConfigureIO            text33       00275A
__end_of_ConvertADC             text32       00283A
__end_of_CurrentDisplay         text28       001B2E
__end_of_DayFlash               text24       0023C8
__end_of_DaysInMonth            smallconst   001027
__end_of_DaysInMonthLeap        smallconst   001034
__end_of_DegreesFlash           text27       0024AA
__end_of_Delay10KTCYx           text39       00279C
__end_of_DispChars              smallconst   00101A
__end_of_DispNums               smallconst   00103E
__end_of_HrsFlash               text22       002356
__end_of_MinsFlash              text21       0022E4
__end_of_MonthFlash             text23       00218E
__end_of_Num2Disp               text29       001C32
__end_of_PB1pressed             text19       002700
__end_of_PB2pressed             text18       0026CC
__end_of_RB0_isr                text46       0027B2
__end_of_ReadADC                text26       002816
__end_of_SecsFlash              text20       002272
__end_of_SetAlarm1              text13       0018D8
__end_of_SetDay                 text12       001560
__end_of_SetHrs                 text17       002008
__end_of_SetMenu                text8        0012E0
__end_of_SetMins                text16       001F60
__end_of_SetMonth               text11       001DD0
__end_of_SetSecs                text15       001E98
__end_of_SetYear                text10       001A08
__end_of_StartADC               text7        002808
__end_of_StartTimer0            text6        002786
__end_of_StartTimer1            text5        002770
__end_of_Switches               text14       002722
__end_of_Timer0_isr             text41       002578
__end_of_Timer1_isr             text45       00261C
__end_of_WriteTimer0            text4        0027D6
__end_of_WriteTimer1            text3        0027C4
__end_of_YearFlash              text9        002200
__end_of___awdiv                text31       00211A
__end_of___awmod                text30       00251A
__end_of___lwmod                text36       00265E
__end_of__initialization        cinit        00268E
__end_of_enable_PB1_interrupt   text2        002832
__end_of_enable_interrupts_all  text1        00282A
__end_of_hp_secs_count_isr      intcode_body 002096
__end_of_lp_isr                 intcodelo    0000B0
__end_of_main                   text0        00173E
__end_ofi1_WriteTimer0          text42       0027E8
__end_ofi2_WriteTimer1          text44       0027FA
__initialization                cinit        00265E
__mediumconst                   mediumconst  000000
__pbssBANK0                     bssBANK0     000060
__pbssCOMRAM                    bssCOMRAM    000035
__pcinit                        cinit        00265E
__pcstackBANK0                  cstackBANK0  00007A
__pcstackCOMRAM                 cstackCOMRAM 000001
__pdataCOMRAM                   dataCOMRAM   000031
__pidataCOMRAM                  idataCOMRAM  002832
__pintcode                      intcode      000008
__pintcode_body                 intcode_body 002008
__pintcodelo                    intcodelo    000018
__pnvCOMRAM                     nvCOMRAM     000037
__psmallconst                   smallconst   001000
__ptext0                        text0        001560
__ptext1                        text1        002822
__ptext10                       text10       0018D8
__ptext11                       text11       001D08
__ptext12                       text12       0012E0
__ptext13                       text13       00173E
__ptext14                       text14       002700
__ptext15                       text15       001DD0
__ptext16                       text16       001E98
__ptext17                       text17       001F60
__ptext18                       text18       002698
__ptext19                       text19       0026CC
__ptext2                        text2        00282A
__ptext20                       text20       002200
__ptext21                       text21       002272
__ptext22                       text22       0022E4
__ptext23                       text23       00211A
__ptext24                       text24       002356
__ptext25                       text25       0023C8
__ptext26                       text26       002808
__ptext27                       text27       00243A
__ptext28                       text28       001A08
__ptext29                       text29       001B2E
__ptext3                        text3        0027B2
__ptext30                       text30       0024AA
__ptext31                       text31       002096
__ptext32                       text32       002836
__ptext33                       text33       002742
__ptext34                       text34       001C32
__ptext35                       text35       002578
__ptext36                       text36       00261C
__ptext37                       text37       002816
__ptext38                       text38       002722
__ptext39                       text39       002786
__ptext4                        text4        0027C4
__ptext41                       text41       00251A
__ptext42                       text42       0027D6
__ptext44                       text44       0027E8
__ptext45                       text45       0025D4
__ptext46                       text46       00279C
__ptext5                        text5        00275A
__ptext6                        text6        002770
__ptext7                        text7        0027FA
__ptext8                        text8        001040
__ptext9                        text9        00218E
__ramtop                        ramtop       001000
__size_of_Alarm1Flash           (abs)        000000
__size_of_BootTest              (abs)        000000
__size_of_BusyADC               (abs)        000000
__size_of_CalcDate              (abs)        000000
__size_of_CalcLeapYear          (abs)        000000
__size_of_ConfigureIO           (abs)        000000
__size_of_ConvertADC            (abs)        000000
__size_of_CurrentDisplay        (abs)        000000
__size_of_DayFlash              (abs)        000000
__size_of_DegreesFlash          (abs)        000000
__size_of_Delay10KTCYx          (abs)        000000
__size_of_HrsFlash              (abs)        000000
__size_of_MinsFlash             (abs)        000000
__size_of_MonthFlash            (abs)        000000
__size_of_Num2Disp              (abs)        000000
__size_of_PB1pressed            (abs)        000000
__size_of_PB2pressed            (abs)        000000
__size_of_RB0_isr               (abs)        000000
__size_of_ReadADC               (abs)        000000
__size_of_SecsFlash             (abs)        000000
__size_of_SetAlarm1             (abs)        000000
__size_of_SetDay                (abs)        000000
__size_of_SetHrs                (abs)        000000
__size_of_SetMenu               (abs)        000000
__size_of_SetMins               (abs)        000000
__size_of_SetMonth              (abs)        000000
__size_of_SetSecs               (abs)        000000
__size_of_SetYear               (abs)        000000
__size_of_StartADC              (abs)        000000
__size_of_StartTimer0           (abs)        000000
__size_of_StartTimer1           (abs)        000000
__size_of_Switches              (abs)        000000
__size_of_Timer0_isr            (abs)        000000
__size_of_Timer1_isr            (abs)        000000
__size_of_WriteTimer0           (abs)        000000
__size_of_WriteTimer1           (abs)        000000
__size_of_YearFlash             (abs)        000000
__size_of___awdiv               (abs)        000000
__size_of___awmod               (abs)        000000
__size_of___lwmod               (abs)        000000
__size_of_enable_PB1_interrupt  (abs)        000000
__size_of_enable_interrupts_all (abs)        000000
__size_of_hp_secs_count_isr     (abs)        000000
__size_of_lp_isr                (abs)        000000
__size_of_main                  (abs)        000000
__size_ofi1_WriteTimer0         (abs)        000000
__size_ofi2_WriteTimer1         (abs)        000000
__smallconst                    smallconst   001000
_day_rollover                   bssBANK0     00006C
_disp_LEDS                      nvCOMRAM     000037
_disp_U1                        dataCOMRAM   000031
_disp_U2                        dataCOMRAM   000032
_dp_mask                        dataCOMRAM   000033
_enable_PB1_interrupt           text2        00282A
_enable_interrupts_all          text1        002822
_hp_secs_count_isr              intcode      000008
_index                          bssBANK0     00006D
_lp_isr                         intcodelo    000018
_main                           text0        001560
_mode                           bssBANK0     00006E
_ms_count0                      bssBANK0     000068
_ms_count1                      bssBANK0     00006A
_multiplex_count                dataCOMRAM   000034
btemp                           temp         000038
end_of_initialization           cinit        00268E
i1WriteTimer0@timer             cstackCOMRAM 000015
i1WriteTimer0@timer0            cstackCOMRAM 000013
i1_WriteTimer0                  text42       0027D6
i2WriteTimer1@timer             cstackCOMRAM 000003
i2WriteTimer1@timer1            cstackCOMRAM 000001
i2_WriteTimer1                  text44       0027E8
int$flags                       temp         000038
int_func                        intcode_body 002008
intlevel0                       text         000000
intlevel1                       text         000000
intlevel2                       text         000000
intlevel3                       text         000000
main@ADC_value                  cstackBANK0  000083
main@temperature                cstackBANK0  000082
stackhi                         (abs)        000EEE
stacklo                         (abs)        000084
start                           init         0000B0
start_initialization            cinit        00265E


FUNCTION INFORMATION:

 *************** function _main *****************
 Defined at:
		line 137 in file "mini-project-clock.c"
 Parameters:    Size  Location     Type
		None
 Auto vars:     Size  Location     Type
  ADC_value       1    9[BANK0 ] unsigned char 
  temperature     1    8[BANK0 ] unsigned char 
 Return value:  Size  Location     Type
                  1    wreg      void 
 Registers used:
		wreg, fsr0l, fsr0h, fsr2l, fsr2h, status,2, status,0, tblptrl, tblptrh, tblptru, prodl, prodh, cstack
 Tracked objects:
		On entry : 
		On exit  : 
		Unchanged: 
 Data sizes:     COMRAM   BANK0   BANK1   BANK2   BANK3   BANK4   BANK5   BANK6   BANK7   BANK8   BANK9  BANK10  BANK11  BANK12  BANK13  BANK14  BANK15
      Params:         0       0       0       0       0       0       0       0       0       0       0       0       0       0       0       0       0
      Locals:         0       2       0       0       0       0       0       0       0       0       0       0       0       0       0       0       0
      Temps:          0       0       0       0       0       0       0       0       0       0       0       0       0       0       0       0       0
      Totals:         0       2       0       0       0       0       0       0       0       0       0       0       0       0       0       0       0
Total ram usage:        2 bytes
 Hardware stack levels required when called:    9
 This function calls:
		_BootTest
		_BusyADC
		_CalcDate
		_ConfigureIO
		_ConvertADC
		_CurrentDisplay
		_DegreesFlash
		_Delay10KTCYx
		_Num2Disp
		_PB1pressed
		_ReadADC
		_SetMenu
		_StartADC
		_StartTimer0
		_StartTimer1
		_Switches
		_WriteTimer0
		_WriteTimer1
		_enable_PB1_interrupt
		_enable_interrupts_all
 This function is called by:
		Startup code after reset
 This function uses a non-reentrant model


 *************** function _enable_interrupts_all *****************
 Defined at:
		line 345 in file "mini-project-clock.c"
 Parameters:    Size  Location     Type
		None
 Auto vars:     Size  Location     Type
		None
 Return value:  Size  Location     Type
                  1    wreg      void 
 Registers used:
		None
 Tracked objects:
		On entry : 
		On exit  : 
		Unchanged: 
 Data sizes:     COMRAM   BANK0   BANK1   BANK2   BANK3   BANK4   BANK5   BANK6   BANK7   BANK8   BANK9  BANK10  BANK11  BANK12  BANK13  BANK14  BANK15
      Params:         0       0       0       0       0       0       0       0       0       0       0       0       0       0       0       0       0
      Locals:         0       0       0       0       0       0       0       0       0       0       0       0       0       0       0       0       0
      Temps:          0       0       0       0       0       0       0       0       0       0       0       0       0       0       0       0       0
      Totals:         0       0       0       0       0       0       0       0       0       0       0       0       0       0       0       0       0
Total ram usage:        0 bytes
 Hardware stack levels used:    1
 Hardware stack levels required when called:    5
 This function calls:
		Nothing
 This function is called by:
		_main
 This function uses a non-reentrant model


 *************** function _enable_PB1_interrupt *****************
 Defined at:
		line 356 in file "mini-project-clock.c"
 Parameters:    Size  Location     Type
		None
 Auto vars:     Size  Location     Type
		None
 Return value:  Size  Location     Type
                  1    wreg      void 
 Registers used:
		None
 Tracked objects:
		On entry : 
		On exit  : 
		Unchanged: 
 Data sizes:     COMRAM   BANK0   BANK1   BANK2   BANK3   BANK4   BANK5   BANK6   BANK7   BANK8   BANK9  BANK10  BANK11  BANK12  BANK13  BANK14  BANK15
      Params:         0       0       0       0       0       0       0       0       0       0       0       0       0       0       0       0       0
      Locals:         0       0       0       0       0       0       0       0       0       0       0       0       0       0       0       0       0
      Temps:          0       0       0       0       0       0       0       0       0       0       0       0       0       0       0       0       0
      Totals:         0       0       0       0       0       0       0       0       0       0       0       0       0       0       0       0       0
Total ram usage:        0 bytes
 Hardware stack levels used:    1
 Hardware stack levels required when called:    5
 This function calls:
		Nothing
 This function is called by:
		_main
 This function uses a non-reentrant model


 *************** function _WriteTimer1 *****************
 Defined at:
		line 14 in file "C:\Program Files (x86)\Microchip\xc8\v1.38\sources\pic18\plib\Timers\t1write.c"
 Parameters:    Size  Location     Type
  timer1          2   39[COMRAM] unsigned int 
 Auto vars:     Size  Location     Type
  timer           2   41[COMRAM] struct Timers
 Return value:  Size  Location     Type
                  1    wreg      void 
 Registers used:
		None
 Tracked objects:
		On entry : 
		On exit  : 
		Unchanged: 
 Data sizes:     COMRAM   BANK0   BANK1   BANK2   BANK3   BANK4   BANK5   BANK6   BANK7   BANK8   BANK9  BANK10  BANK11  BANK12  BANK13  BANK14  BANK15
      Params:         2       0       0       0       0       0       0       0       0       0       0       0       0       0       0       0       0
      Locals:         2       0       0       0       0       0       0       0       0       0       0       0       0       0       0       0       0
      Temps:          0       0       0       0       0       0       0       0       0       0       0       0       0       0       0       0       0
      Totals:         4       0       0       0       0       0       0       0       0       0       0       0       0       0       0       0       0
Total ram usage:        4 bytes
 Hardware stack levels used:    1
 Hardware stack levels required when called:    5
 This function calls:
		Nothing
 This function is called by:
		_main
 This function uses a non-reentrant model


 *************** function _WriteTimer0 *****************
 Defined at:
		line 16 in file "C:\Program Files (x86)\Microchip\xc8\v1.38\sources\pic18\plib\Timers\t0write.c"
 Parameters:    Size  Location     Type
  timer0          2   39[COMRAM] unsigned int 
 Auto vars:     Size  Location     Type
  timer           2   41[COMRAM] struct Timers
 Return value:  Size  Location     Type
                  1    wreg      void 
 Registers used:
		None
 Tracked objects:
		On entry : 
		On exit  : 
		Unchanged: 
 Data sizes:     COMRAM   BANK0   BANK1   BANK2   BANK3   BANK4   BANK5   BANK6   BANK7   BANK8   BANK9  BANK10  BANK11  BANK12  BANK13  BANK14  BANK15
      Params:         2       0       0       0       0       0       0       0       0       0       0       0       0       0       0       0       0
      Locals:         2       0       0       0       0       0       0       0       0       0       0       0       0       0       0       0       0
      Temps:          0       0       0       0       0       0       0       0       0       0       0       0       0       0       0       0       0
      Totals:         4       0       0       0       0       0       0       0       0       0       0       0       0       0       0       0       0
Total ram usage:        4 bytes
 Hardware stack levels used:    1
 Hardware stack levels required when called:    5
 This function calls:
		Nothing
 This function is called by:
		_main
 This function uses a non-reentrant model


 *************** function _StartTimer1 *****************
 Defined at:
		line 372 in file "mini-project-clock.c"
 Parameters:    Size  Location     Type
		None
 Auto vars:     Size  Location     Type
		None
 Return value:  Size  Location     Type
                  1    wreg      void 
 Registers used:
		wreg, status,2
 Tracked objects:
		On entry : 
		On exit  : 
		Unchanged: 
 Data sizes:     COMRAM   BANK0   BANK1   BANK2   BANK3   BANK4   BANK5   BANK6   BANK7   BANK8   BANK9  BANK10  BANK11  BANK12  BANK13  BANK14  BANK15
      Params:         0       0       0       0       0       0       0       0       0       0       0       0       0       0       0       0       0
      Locals:         0       0       0       0       0       0       0       0       0       0       0       0       0       0       0       0       0
      Temps:          0       0       0       0       0       0       0       0       0       0       0       0       0       0       0       0       0
      Totals:         0       0       0       0       0       0       0       0       0       0       0       0       0       0       0       0       0
Total ram usage:        0 bytes
 Hardware stack levels used:    1
 Hardware stack levels required when called:    5
 This function calls:
		Nothing
 This function is called by:
		_main
 This function uses a non-reentrant model


 *************** function _StartTimer0 *****************
 Defined at:
		line 362 in file "mini-project-clock.c"
 Parameters:    Size  Location     Type
		None
 Auto vars:     Size  Location     Type
		None
 Return value:  Size  Location     Type
                  1    wreg      void 
 Registers used:
		wreg, status,2
 Tracked objects:
		On entry : 
		On exit  : 
		Unchanged: 
 Data sizes:     COMRAM   BANK0   BANK1   BANK2   BANK3   BANK4   BANK5   BANK6   BANK7   BANK8   BANK9  BANK10  BANK11  BANK12  BANK13  BANK14  BANK15
      Params:         0       0       0       0       0       0       0       0       0       0       0       0       0       0       0       0       0
      Locals:         0       0       0       0       0       0       0       0       0       0       0       0       0       0       0       0       0
      Temps:          0       0       0       0       0       0       0       0       0       0       0       0       0       0       0       0       0
      Totals:         0       0       0       0       0       0       0       0       0       0       0       0       0       0       0       0       0
Total ram usage:        0 bytes
 Hardware stack levels used:    1
 Hardware stack levels required when called:    5
 This function calls:
		Nothing
 This function is called by:
		_main
 This function uses a non-reentrant model


 *************** function _StartADC *****************
 Defined at:
		line 382 in file "mini-project-clock.c"
 Parameters:    Size  Location     Type
		None
 Auto vars:     Size  Location     Type
		None
 Return value:  Size  Location     Type
                  1    wreg      void 
 Registers used:
		wreg, status,2
 Tracked objects:
		On entry : 
		On exit  : 
		Unchanged: 
 Data sizes:     COMRAM   BANK0   BANK1   BANK2   BANK3   BANK4   BANK5   BANK6   BANK7   BANK8   BANK9  BANK10  BANK11  BANK12  BANK13  BANK14  BANK15
      Params:         0       0       0       0       0       0       0       0       0       0       0       0       0       0       0       0       0
      Locals:         0       0       0       0       0       0       0       0       0       0       0       0       0       0       0       0       0
      Temps:          0       0       0       0       0       0       0       0       0       0       0       0       0       0       0       0       0
      Totals:         0       0       0       0       0       0       0       0       0       0       0       0       0       0       0       0       0
Total ram usage:        0 bytes
 Hardware stack levels used:    1
 Hardware stack levels required when called:    5
 This function calls:
		Nothing
 This function is called by:
		_main
 This function uses a non-reentrant model


 *************** function _SetMenu *****************
 Defined at:
		line 416 in file "mini-project-clock.c"
 Parameters:    Size  Location     Type
		None
 Auto vars:     Size  Location     Type
		None
 Return value:  Size  Location     Type
                  1    wreg      void 
 Registers used:
		wreg, fsr0l, fsr0h, fsr2l, fsr2h, status,2, status,0, tblptrl, tblptrh, tblptru, prodl, prodh, cstack
 Tracked objects:
		On entry : 
		On exit  : 
		Unchanged: 
 Data sizes:     COMRAM   BANK0   BANK1   BANK2   BANK3   BANK4   BANK5   BANK6   BANK7   BANK8   BANK9  BANK10  BANK11  BANK12  BANK13  BANK14  BANK15
      Params:         0       0       0       0       0       0       0       0       0       0       0       0       0       0       0       0       0
      Locals:         0       0       0       0       0       0       0       0       0       0       0       0       0       0       0       0       0
      Temps:          0       3       0       0       0       0       0       0       0       0       0       0       0       0       0       0       0
      Totals:         0       3       0       0       0       0       0       0       0       0       0       0       0       0       0       0       0
Total ram usage:        3 bytes
 Hardware stack levels used:    1
 Hardware stack levels required when called:    8
 This function calls:
		_Alarm1Flash
		_DayFlash
		_HrsFlash
		_MinsFlash
		_MonthFlash
		_Num2Disp
		_SecsFlash
		_SetAlarm1
		_SetDay
		_SetHrs
		_SetMins
		_SetMonth
		_SetSecs
		_SetYear
		_Switches
		_YearFlash
 This function is called by:
		_main
 This function uses a non-reentrant model


 *************** function _YearFlash *****************
 Defined at:
		line 840 in file "mini-project-clock.c"
 Parameters:    Size  Location     Type
		None
 Auto vars:     Size  Location     Type
		None
 Return value:  Size  Location     Type
                  1    wreg      void 
 Registers used:
		wreg, status,2, status,0, tblptrl, tblptrh, tblptru, cstack
 Tracked objects:
		On entry : 
		On exit  : 
		Unchanged: 
 Data sizes:     COMRAM   BANK0   BANK1   BANK2   BANK3   BANK4   BANK5   BANK6   BANK7   BANK8   BANK9  BANK10  BANK11  BANK12  BANK13  BANK14  BANK15
      Params:         0       0       0       0       0       0       0       0       0       0       0       0       0       0       0       0       0
      Locals:         0       0       0       0       0       0       0       0       0       0       0       0       0       0       0       0       0
      Temps:          0       0       0       0       0       0       0       0       0       0       0       0       0       0       0       0       0
      Totals:         0       0       0       0       0       0       0       0       0       0       0       0       0       0       0       0       0
Total ram usage:        0 bytes
 Hardware stack levels used:    1
 Hardware stack levels required when called:    6
 This function calls:
		_Delay10KTCYx
 This function is called by:
		_SetMenu
 This function uses a non-reentrant model


 *************** function _SetYear *****************
 Defined at:
		line 727 in file "mini-project-clock.c"
 Parameters:    Size  Location     Type
  dy              2   41[COMRAM] PTR struct .
		 -> MainDate(5), 
 Auto vars:     Size  Location     Type
		None
 Return value:  Size  Location     Type
                  1    wreg      void 
 Registers used:
		wreg, fsr2l, fsr2h, status,2, status,0, cstack
 Tracked objects:
		On entry : 
		On exit  : 
		Unchanged: 
 Data sizes:     COMRAM   BANK0   BANK1   BANK2   BANK3   BANK4   BANK5   BANK6   BANK7   BANK8   BANK9  BANK10  BANK11  BANK12  BANK13  BANK14  BANK15
      Params:         2       0       0       0       0       0       0       0       0       0       0       0       0       0       0       0       0
      Locals:         0       0       0       0       0       0       0       0       0       0       0       0       0       0       0       0       0
      Temps:          2       0       0       0       0       0       0       0       0       0       0       0       0       0       0       0       0
      Totals:         4       0       0       0       0       0       0       0       0       0       0       0       0       0       0       0       0
Total ram usage:        4 bytes
 Hardware stack levels used:    1
 Hardware stack levels required when called:    6
 This function calls:
		_Delay10KTCYx
		_PB1pressed
		_PB2pressed
 This function is called by:
		_SetMenu
 This function uses a non-reentrant model


 *************** function _SetMonth *****************
 Defined at:
		line 708 in file "mini-project-clock.c"
 Parameters:    Size  Location     Type
  dm              2   41[COMRAM] PTR struct .
		 -> MainDate(5), 
 Auto vars:     Size  Location     Type
		None
 Return value:  Size  Location     Type
                  1    wreg      void 
 Registers used:
		wreg, fsr2l, fsr2h, status,2, status,0, cstack
 Tracked objects:
		On entry : 
		On exit  : 
		Unchanged: 
 Data sizes:     COMRAM   BANK0   BANK1   BANK2   BANK3   BANK4   BANK5   BANK6   BANK7   BANK8   BANK9  BANK10  BANK11  BANK12  BANK13  BANK14  BANK15
      Params:         2       0       0       0       0       0       0       0       0       0       0       0       0       0       0       0       0
      Locals:         0       0       0       0       0       0       0       0       0       0       0       0       0       0       0       0       0
      Temps:          1       0       0       0       0       0       0       0       0       0       0       0       0       0       0       0       0
      Totals:         3       0       0       0       0       0       0       0       0       0       0       0       0       0       0       0       0
Total ram usage:        3 bytes
 Hardware stack levels used:    1
 Hardware stack levels required when called:    6
 This function calls:
		_Delay10KTCYx
		_PB1pressed
		_PB2pressed
 This function is called by:
		_SetMenu
 This function uses a non-reentrant model


 *************** function _SetDay *****************
 Defined at:
		line 667 in file "mini-project-clock.c"
 Parameters:    Size  Location     Type
  dd              2    0[BANK0 ] PTR struct .
		 -> MainDate(5), 
 Auto vars:     Size  Location     Type
		None
 Return value:  Size  Location     Type
                  1    wreg      void 
 Registers used:
		wreg, fsr2l, fsr2h, status,2, status,0, tblptrl, tblptrh, tblptru, prodl, prodh, cstack
 Tracked objects:
		On entry : 
		On exit  : 
		Unchanged: 
 Data sizes:     COMRAM   BANK0   BANK1   BANK2   BANK3   BANK4   BANK5   BANK6   BANK7   BANK8   BANK9  BANK10  BANK11  BANK12  BANK13  BANK14  BANK15
      Params:         0       2       0       0       0       0       0       0       0       0       0       0       0       0       0       0       0
      Locals:         0       0       0       0       0       0       0       0       0       0       0       0       0       0       0       0       0
      Temps:          0       2       0       0       0       0       0       0       0       0       0       0       0       0       0       0       0
      Totals:         0       4       0       0       0       0       0       0       0       0       0       0       0       0       0       0       0
Total ram usage:        4 bytes
 Hardware stack levels used:    1
 Hardware stack levels required when called:    7
 This function calls:
		_CalcLeapYear
		_Delay10KTCYx
		_PB1pressed
		_PB2pressed
 This function is called by:
		_SetMenu
 This function uses a non-reentrant model


 *************** function _SetAlarm1 *****************
 Defined at:
		line 893 in file "mini-project-clock.c"
 Parameters:    Size  Location     Type
		None
 Auto vars:     Size  Location     Type
		None
 Return value:  Size  Location     Type
                  1    wreg      void 
 Registers used:
		wreg, fsr0l, fsr0h, fsr2l, fsr2h, status,2, status,0, tblptrl, tblptrh, tblptru, prodl, prodh, cstack
 Tracked objects:
		On entry : 
		On exit  : 
		Unchanged: 
 Data sizes:     COMRAM   BANK0   BANK1   BANK2   BANK3   BANK4   BANK5   BANK6   BANK7   BANK8   BANK9  BANK10  BANK11  BANK12  BANK13  BANK14  BANK15
      Params:         0       0       0       0       0       0       0       0       0       0       0       0       0       0       0       0       0
      Locals:         0       0       0       0       0       0       0       0       0       0       0       0       0       0       0       0       0
      Temps:          0       0       0       0       0       0       0       0       0       0       0       0       0       0       0       0       0
      Totals:         0       0       0       0       0       0       0       0       0       0       0       0       0       0       0       0       0
Total ram usage:        0 bytes
 Hardware stack levels used:    1
 Hardware stack levels required when called:    7
 This function calls:
		_Delay10KTCYx
		_HrsFlash
		_MinsFlash
		_Num2Disp
		_PB1pressed
		_PB2pressed
		_SecsFlash
		_SetHrs
		_SetMins
		_SetSecs
		_Switches
 This function is called by:
		_SetMenu
 This function uses a non-reentrant model


 *************** function _Switches *****************
 Defined at:
		line 405 in file "mini-project-clock.c"
 Parameters:    Size  Location     Type
		None
 Auto vars:     Size  Location     Type
  temp1           1   41[COMRAM] unsigned char 
  temp2           1   40[COMRAM] unsigned char 
  temp            1   39[COMRAM] unsigned char 
 Return value:  Size  Location     Type
                  1    wreg      unsigned char 
 Registers used:
		wreg, status,2, status,0
 Tracked objects:
		On entry : 
		On exit  : 
		Unchanged: 
 Data sizes:     COMRAM   BANK0   BANK1   BANK2   BANK3   BANK4   BANK5   BANK6   BANK7   BANK8   BANK9  BANK10  BANK11  BANK12  BANK13  BANK14  BANK15
      Params:         0       0       0       0       0       0       0       0       0       0       0       0       0       0       0       0       0
      Locals:         3       0       0       0       0       0       0       0       0       0       0       0       0       0       0       0       0
      Temps:          0       0       0       0       0       0       0       0       0       0       0       0       0       0       0       0       0
      Totals:         3       0       0       0       0       0       0       0       0       0       0       0       0       0       0       0       0
Total ram usage:        3 bytes
 Hardware stack levels used:    1
 Hardware stack levels required when called:    5
 This function calls:
		Nothing
 This function is called by:
		_main
		_SetMenu
		_SetAlarm1
 This function uses a non-reentrant model


 *************** function _SetSecs *****************
 Defined at:
		line 610 in file "mini-project-clock.c"
 Parameters:    Size  Location     Type
  ts              2   41[COMRAM] PTR struct .
		 -> Alarm1Time(3), MainTime(3), 
 Auto vars:     Size  Location     Type
		None
 Return value:  Size  Location     Type
                  1    wreg      void 
 Registers used:
		wreg, fsr2l, fsr2h, status,2, status,0, cstack
 Tracked objects:
		On entry : 
		On exit  : 
		Unchanged: 
 Data sizes:     COMRAM   BANK0   BANK1   BANK2   BANK3   BANK4   BANK5   BANK6   BANK7   BANK8   BANK9  BANK10  BANK11  BANK12  BANK13  BANK14  BANK15
      Params:         2       0       0       0       0       0       0       0       0       0       0       0       0       0       0       0       0
      Locals:         0       0       0       0       0       0       0       0       0       0       0       0       0       0       0       0       0
      Temps:          1       0       0       0       0       0       0       0       0       0       0       0       0       0       0       0       0
      Totals:         3       0       0       0       0       0       0       0       0       0       0       0       0       0       0       0       0
Total ram usage:        3 bytes
 Hardware stack levels used:    1
 Hardware stack levels required when called:    6
 This function calls:
		_Delay10KTCYx
		_PB1pressed
		_PB2pressed
 This function is called by:
		_SetMenu
		_SetAlarm1
 This function uses a non-reentrant model


 *************** function _SetMins *****************
 Defined at:
		line 629 in file "mini-project-clock.c"
 Parameters:    Size  Location     Type
  tm              2   41[COMRAM] PTR struct .
		 -> Alarm1Time(3), MainTime(3), 
 Auto vars:     Size  Location     Type
		None
 Return value:  Size  Location     Type
                  1    wreg      void 
 Registers used:
		wreg, fsr2l, fsr2h, status,2, status,0, cstack
 Tracked objects:
		On entry : 
		On exit  : 
		Unchanged: 
 Data sizes:     COMRAM   BANK0   BANK1   BANK2   BANK3   BANK4   BANK5   BANK6   BANK7   BANK8   BANK9  BANK10  BANK11  BANK12  BANK13  BANK14  BANK15
      Params:         2       0       0       0       0       0       0       0       0       0       0       0       0       0       0       0       0
      Locals:         0       0       0       0       0       0       0       0       0       0       0       0       0       0       0       0       0
      Temps:          1       0       0       0       0       0       0       0       0       0       0       0       0       0       0       0       0
      Totals:         3       0       0       0       0       0       0       0       0       0       0       0       0       0       0       0       0
Total ram usage:        3 bytes
 Hardware stack levels used:    1
 Hardware stack levels required when called:    6
 This function calls:
		_Delay10KTCYx
		_PB1pressed
		_PB2pressed
 This function is called by:
		_SetMenu
		_SetAlarm1
 This function uses a non-reentrant model


 *************** function _SetHrs *****************
 Defined at:
		line 648 in file "mini-project-clock.c"
 Parameters:    Size  Location     Type
  th              2   41[COMRAM] PTR struct .
		 -> Alarm1Time(3), MainTime(3), 
 Auto vars:     Size  Location     Type
		None
 Return value:  Size  Location     Type
                  1    wreg      void 
 Registers used:
		wreg, fsr2l, fsr2h, status,2, status,0, cstack
 Tracked objects:
		On entry : 
		On exit  : 
		Unchanged: 
 Data sizes:     COMRAM   BANK0   BANK1   BANK2   BANK3   BANK4   BANK5   BANK6   BANK7   BANK8   BANK9  BANK10  BANK11  BANK12  BANK13  BANK14  BANK15
      Params:         2       0       0       0       0       0       0       0       0       0       0       0       0       0       0       0       0
      Locals:         0       0       0       0       0       0       0       0       0       0       0       0       0       0       0       0       0
      Temps:          1       0       0       0       0       0       0       0       0       0       0       0       0       0       0       0       0
      Totals:         3       0       0       0       0       0       0       0       0       0       0       0       0       0       0       0       0
Total ram usage:        3 bytes
 Hardware stack levels used:    1
 Hardware stack levels required when called:    6
 This function calls:
		_Delay10KTCYx
		_PB1pressed
		_PB2pressed
 This function is called by:
		_SetMenu
		_SetAlarm1
 This function uses a non-reentrant model


 *************** function _PB2pressed *****************
 Defined at:
		line 510 in file "mini-project-clock.c"
 Parameters:    Size  Location     Type
		None
 Auto vars:     Size  Location     Type
		None
 Return value:  Size  Location     Type
                  1    wreg      unsigned char 
 Registers used:
		wreg, status,2, status,0
 Tracked objects:
		On entry : 
		On exit  : 
		Unchanged: 
 Data sizes:     COMRAM   BANK0   BANK1   BANK2   BANK3   BANK4   BANK5   BANK6   BANK7   BANK8   BANK9  BANK10  BANK11  BANK12  BANK13  BANK14  BANK15
      Params:         0       0       0       0       0       0       0       0       0       0       0       0       0       0       0       0       0
      Locals:         0       0       0       0       0       0       0       0       0       0       0       0       0       0       0       0       0
      Temps:          0       0       0       0       0       0       0       0       0       0       0       0       0       0       0       0       0
      Totals:         0       0       0       0       0       0       0       0       0       0       0       0       0       0       0       0       0
Total ram usage:        0 bytes
 Hardware stack levels used:    1
 Hardware stack levels required when called:    5
 This function calls:
		Nothing
 This function is called by:
		_SetSecs
		_SetMins
		_SetHrs
		_SetDay
		_SetMonth
		_SetYear
		_SetAlarm1
 This function uses a non-reentrant model


 *************** function _PB1pressed *****************
 Defined at:
		line 493 in file "mini-project-clock.c"
 Parameters:    Size  Location     Type
		None
 Auto vars:     Size  Location     Type
		None
 Return value:  Size  Location     Type
                  1    wreg      unsigned char 
 Registers used:
		wreg, status,2, status,0
 Tracked objects:
		On entry : 
		On exit  : 
		Unchanged: 
 Data sizes:     COMRAM   BANK0   BANK1   BANK2   BANK3   BANK4   BANK5   BANK6   BANK7   BANK8   BANK9  BANK10  BANK11  BANK12  BANK13  BANK14  BANK15
      Params:         0       0       0       0       0       0       0       0       0       0       0       0       0       0       0       0       0
      Locals:         0       0       0       0       0       0       0       0       0       0       0       0       0       0       0       0       0
[...]
		On exit  : 
		Unchanged: 
 Data sizes:     COMRAM   BANK0   BANK1   BANK2   BANK3   BANK4   BANK5   BANK6   BANK7   BANK8   BANK9  BANK10  BANK11  BANK12  BANK13  BANK14  BANK15
      Params:         4       0       0       0       0       0       0       0       0       0       0       0       0       0       0       0       0
      Locals:         1       0       0       0       0       0       0       0       0       0       0       0       0       0       0       0       0
      Temps:          0       0       0       0       0       0       0       0       0       0       0       0       0       0       0       0       0
      Totals:         5       0       0       0       0       0       0       0       0       0       0       0       0       0       0       0       0
Total ram usage:        5 bytes
 Hardware stack levels used:    1
 Hardware stack levels required when called:    5
 This function calls:
		Nothing
 This function is called by:
		_CalcLeapYear
 This function uses a non-reentrant model


 *************** function _BusyADC *****************
 Defined at:
		line 26 in file "C:\Program Files (x86)\Microchip\xc8\v1.38\sources\pic18\plib\ADC\adcbusy.c"
 Parameters:    Size  Location     Type
		None
 Auto vars:     Size  Location     Type
		None
 Return value:  Size  Location     Type
                  1    wreg      unsigned char 
 Registers used:
		wreg
 Tracked objects:
		On entry : 
		On exit  : 
		Unchanged: 
 Data sizes:     COMRAM   BANK0   BANK1   BANK2   BANK3   BANK4   BANK5   BANK6   BANK7   BANK8   BANK9  BANK10  BANK11  BANK12  BANK13  BANK14  BANK15
      Params:         0       0       0       0       0       0       0       0       0       0       0       0       0       0       0       0       0
      Locals:         0       0       0       0       0       0       0       0       0       0       0       0       0       0       0       0       0
      Temps:          0       0       0       0       0       0       0       0       0       0       0       0       0       0       0       0       0
      Totals:         0       0       0       0       0       0       0       0       0       0       0       0       0       0       0       0       0
Total ram usage:        0 bytes
 Hardware stack levels used:    1
 Hardware stack levels required when called:    5
 This function calls:
		Nothing
 This function is called by:
		_main
 This function uses a non-reentrant model


 *************** function _BootTest *****************
 Defined at:
		line 537 in file "mini-project-clock.c"
 Parameters:    Size  Location     Type
		None
 Auto vars:     Size  Location     Type
		None
 Return value:  Size  Location     Type
                  1    wreg      void 
 Registers used:
		wreg, status,2, cstack
 Tracked objects:
		On entry : 
		On exit  : 
		Unchanged: 
 Data sizes:     COMRAM   BANK0   BANK1   BANK2   BANK3   BANK4   BANK5   BANK6   BANK7   BANK8   BANK9  BANK10  BANK11  BANK12  BANK13  BANK14  BANK15
      Params:         0       0       0       0       0       0       0       0       0       0       0       0       0       0       0       0       0
      Locals:         0       0       0       0       0       0       0       0       0       0       0       0       0       0       0       0       0
      Temps:          0       0       0       0       0       0       0       0       0       0       0       0       0       0       0       0       0
      Totals:         0       0       0       0       0       0       0       0       0       0       0       0       0       0       0       0       0
Total ram usage:        0 bytes
 Hardware stack levels used:    1
 Hardware stack levels required when called:    6
 This function calls:
		_Delay10KTCYx
 This function is called by:
		_main
 This function uses a non-reentrant model


 *************** function _Delay10KTCYx *****************
 Defined at:
		line 8 in file "C:\Program Files (x86)\Microchip\xc8\v1.38\sources\pic18\d10ktcyx.c"
 Parameters:    Size  Location     Type
  unit            1    wreg     unsigned char 
 Auto vars:     Size  Location     Type
  unit            1   40[COMRAM] unsigned char 
 Return value:  Size  Location     Type
                  1    wreg      void 
 Registers used:
		wreg
 Tracked objects:
		On entry : 
		On exit  : 
		Unchanged: 
 Data sizes:     COMRAM   BANK0   BANK1   BANK2   BANK3   BANK4   BANK5   BANK6   BANK7   BANK8   BANK9  BANK10  BANK11  BANK12  BANK13  BANK14  BANK15
      Params:         0       0       0       0       0       0       0       0       0       0       0       0       0       0       0       0       0
      Locals:         1       0       0       0       0       0       0       0       0       0       0       0       0       0       0       0       0
      Temps:          1       0       0       0       0       0       0       0       0       0       0       0       0       0       0       0       0
      Totals:         2       0       0       0       0       0       0       0       0       0       0       0       0       0       0       0       0
Total ram usage:        2 bytes
 Hardware stack levels used:    1
 Hardware stack levels required when called:    5
 This function calls:
		Nothing
 This function is called by:
		_main
		_BootTest
		_SetSecs
		_SetMins
		_SetHrs
		_SetDay
		_SetMonth
		_SetYear
		_SecsFlash
		_MinsFlash
		_HrsFlash
		_DayFlash
		_MonthFlash
		_YearFlash
		_Alarm1Flash
		_DegreesFlash
		_SetAlarm1
 This function uses a non-reentrant model


 *************** function _lp_isr *****************
 Defined at:
		line 273 in file "mini-project-clock.c"
 Parameters:    Size  Location     Type
		None
 Auto vars:     Size  Location     Type
		None
 Return value:  Size  Location     Type
                  1    wreg      void 
 Registers used:
		wreg, status,2, status,0, cstack
 Tracked objects:
		On entry : 
		On exit  : 
		Unchanged: 
 Data sizes:     COMRAM   BANK0   BANK1   BANK2   BANK3   BANK4   BANK5   BANK6   BANK7   BANK8   BANK9  BANK10  BANK11  BANK12  BANK13  BANK14  BANK15
      Params:         0       0       0       0       0       0       0       0       0       0       0       0       0       0       0       0       0
      Locals:         0       0       0       0       0       0       0       0       0       0       0       0       0       0       0       0       0
      Temps:         17       0       0       0       0       0       0       0       0       0       0       0       0       0       0       0       0
      Totals:        17       0       0       0       0       0       0       0       0       0       0       0       0       0       0       0       0
Total ram usage:       17 bytes
 Hardware stack levels used:    1
 Hardware stack levels required when called:    4
 This function calls:
		_Timer0_isr
 This function is called by:
		Interrupt level 1
 This function uses a non-reentrant model


 *************** function _Timer0_isr *****************
 Defined at:
		line 303 in file "mini-project-clock.c"
 Parameters:    Size  Location     Type
		None
 Auto vars:     Size  Location     Type
		None
 Return value:  Size  Location     Type
                  1    wreg      void 
 Registers used:
		wreg, status,2, status,0, cstack
 Tracked objects:
		On entry : 
		On exit  : 
		Unchanged: 
 Data sizes:     COMRAM   BANK0   BANK1   BANK2   BANK3   BANK4   BANK5   BANK6   BANK7   BANK8   BANK9  BANK10  BANK11  BANK12  BANK13  BANK14  BANK15
      Params:         0       0       0       0       0       0       0       0       0       0       0       0       0       0       0       0       0
      Locals:         0       0       0       0       0       0       0       0       0       0       0       0       0       0       0       0       0
      Temps:          0       0       0       0       0       0       0       0       0       0       0       0       0       0       0       0       0
      Totals:         0       0       0       0       0       0       0       0       0       0       0       0       0       0       0       0       0
Total ram usage:        0 bytes
 Hardware stack levels used:    1
 Hardware stack levels required when called:    3
 This function calls:
		i1_WriteTimer0
 This function is called by:
		_lp_isr
 This function uses a non-reentrant model


 *************** function i1_WriteTimer0 *****************
 Defined at:
		line 16 in file "C:\Program Files (x86)\Microchip\xc8\v1.38\sources\pic18\plib\Timers\t0write.c"
 Parameters:    Size  Location     Type
  timer0          2   18[COMRAM] unsigned int 
 Auto vars:     Size  Location     Type
  WriteTimer0     2   20[COMRAM] struct Timers
 Return value:  Size  Location     Type
                  1    wreg      void 
 Registers used:
		None
 Tracked objects:
		On entry : 
		On exit  : 
		Unchanged: 
 Data sizes:     COMRAM   BANK0   BANK1   BANK2   BANK3   BANK4   BANK5   BANK6   BANK7   BANK8   BANK9  BANK10  BANK11  BANK12  BANK13  BANK14  BANK15
      Params:         2       0       0       0       0       0       0       0       0       0       0       0       0       0       0       0       0
      Locals:         2       0       0       0       0       0       0       0       0       0       0       0       0       0       0       0       0
      Temps:          0       0       0       0       0       0       0       0       0       0       0       0       0       0       0       0       0
      Totals:         4       0       0       0       0       0       0       0       0       0       0       0       0       0       0       0       0
Total ram usage:        4 bytes
 Hardware stack levels used:    1
 Hardware stack levels required when called:    2
 This function calls:
		Nothing
 This function is called by:
		_Timer0_isr
 This function uses a non-reentrant model


 *************** function _hp_secs_count_isr *****************
 Defined at:
		line 261 in file "mini-project-clock.c"
 Parameters:    Size  Location     Type
		None
 Auto vars:     Size  Location     Type
		None
 Return value:  Size  Location     Type
                  1    wreg      void 
 Registers used:
		wreg, status,2, status,0, cstack
 Tracked objects:
		On entry : 
		On exit  : 
		Unchanged: 
 Data sizes:     COMRAM   BANK0   BANK1   BANK2   BANK3   BANK4   BANK5   BANK6   BANK7   BANK8   BANK9  BANK10  BANK11  BANK12  BANK13  BANK14  BANK15
      Params:         0       0       0       0       0       0       0       0       0       0       0       0       0       0       0       0       0
      Locals:         0       0       0       0       0       0       0       0       0       0       0       0       0       0       0       0       0
      Temps:         14       0       0       0       0       0       0       0       0       0       0       0       0       0       0       0       0
      Totals:        14       0       0       0       0       0       0       0       0       0       0       0       0       0       0       0       0
Total ram usage:       14 bytes
 Hardware stack levels used:    1
 Hardware stack levels required when called:    1
 This function calls:
		_RB0_isr
		_Timer1_isr
		i2_WriteTimer1
 This function is called by:
		Interrupt level 2
 This function uses a non-reentrant model


 *************** function i2_WriteTimer1 *****************
 Defined at:
		line 14 in file "C:\Program Files (x86)\Microchip\xc8\v1.38\sources\pic18\plib\Timers\t1write.c"
 Parameters:    Size  Location     Type
  timer1          2    0[COMRAM] unsigned int 
 Auto vars:     Size  Location     Type
  WriteTimer1     2    2[COMRAM] struct Timers
 Return value:  Size  Location     Type
                  1    wreg      void 
 Registers used:
		None
 Tracked objects:
		On entry : 
		On exit  : 
		Unchanged: 
 Data sizes:     COMRAM   BANK0   BANK1   BANK2   BANK3   BANK4   BANK5   BANK6   BANK7   BANK8   BANK9  BANK10  BANK11  BANK12  BANK13  BANK14  BANK15
      Params:         2       0       0       0       0       0       0       0       0       0       0       0       0       0       0       0       0
      Locals:         2       0       0       0       0       0       0       0       0       0       0       0       0       0       0       0       0
      Temps:          0       0       0       0       0       0       0       0       0       0       0       0       0       0       0       0       0
      Totals:         4       0       0       0       0       0       0       0       0       0       0       0       0       0       0       0       0
Total ram usage:        4 bytes
 Hardware stack levels used:    1
 This function calls:
		Nothing
 This function is called by:
		_hp_secs_count_isr
 This function uses a non-reentrant model


 *************** function _Timer1_isr *****************
 Defined at:
		line 281 in file "mini-project-clock.c"
 Parameters:    Size  Location     Type
		None
 Auto vars:     Size  Location     Type
		None
 Return value:  Size  Location     Type
                  1    wreg      void 
 Registers used:
		wreg, status,2, status,0
 Tracked objects:
		On entry : 
		On exit  : 
		Unchanged: 
 Data sizes:     COMRAM   BANK0   BANK1   BANK2   BANK3   BANK4   BANK5   BANK6   BANK7   BANK8   BANK9  BANK10  BANK11  BANK12  BANK13  BANK14  BANK15
      Params:         0       0       0       0       0       0       0       0       0       0       0       0       0       0       0       0       0
      Locals:         0       0       0       0       0       0       0       0       0       0       0       0       0       0       0       0       0
      Temps:          0       0       0       0       0       0       0       0       0       0       0       0       0       0       0       0       0
      Totals:         0       0       0       0       0       0       0       0       0       0       0       0       0       0       0       0       0
Total ram usage:        0 bytes
 Hardware stack levels used:    1
 This function calls:
		Nothing
 This function is called by:
		_hp_secs_count_isr
 This function uses a non-reentrant model


 *************** function _RB0_isr *****************
 Defined at:
		line 334 in file "mini-project-clock.c"
 Parameters:    Size  Location     Type
		None
 Auto vars:     Size  Location     Type
		None
 Return value:  Size  Location     Type
                  1    wreg      void 
 Registers used:
		wreg, status,2, status,0
 Tracked objects:
		On entry : 
		On exit  : 
		Unchanged: 
 Data sizes:     COMRAM   BANK0   BANK1   BANK2   BANK3   BANK4   BANK5   BANK6   BANK7   BANK8   BANK9  BANK10  BANK11  BANK12  BANK13  BANK14  BANK15
      Params:         0       0       0       0       0       0       0       0       0       0       0       0       0       0       0       0       0
      Locals:         0       0       0       0       0       0       0       0       0       0       0       0       0       0       0       0       0
      Temps:          0       0       0       0       0       0       0       0       0       0       0       0       0       0       0       0       0
      Totals:         0       0       0       0       0       0       0       0       0       0       0       0       0       0       0       0       0
Total ram usage:        0 bytes
 Hardware stack levels used:    1
 This function calls:
		Nothing
 This function is called by:
		_hp_secs_count_isr
 This function uses a non-reentrant model



MODULE INFORMATION

Module		Function		Class		Link	Load	Size
C:\Program Files (x86)\Microchip\xc8\v1.38\sources\pic18\plib\ADC\adcread.c
		_ReadADC       		CODE           	2808	0000	15

C:\Program Files (x86)\Microchip\xc8\v1.38\sources\pic18\plib\ADC\adcread.c estimated size: 15

C:\Program Files (x86)\Microchip\xc8\v1.38\sources\common\lwmod.c
		___lwmod       		CODE           	261C	0000	67

C:\Program Files (x86)\Microchip\xc8\v1.38\sources\common\lwmod.c estimated size: 67

C:\Program Files (x86)\Microchip\xc8\v1.38\sources\common\awmod.c
		___awmod       		CODE           	24AA	0000	113

C:\Program Files (x86)\Microchip\xc8\v1.38\sources\common\awmod.c estimated size: 113

C:\Program Files (x86)\Microchip\xc8\v1.38\sources\pic18\plib\ADC\adcconv.c
		_ConvertADC    		CODE           	2836	0000	5

C:\Program Files (x86)\Microchip\xc8\v1.38\sources\pic18\plib\ADC\adcconv.c estimated size: 5

C:\Program Files (x86)\Microchip\xc8\v1.38\sources\pic18\d10ktcyx.c
		_Delay10KTCYx  		CODE           	2786	0000	23

C:\Program Files (x86)\Microchip\xc8\v1.38\sources\pic18\d10ktcyx.c estimated size: 23

mini-project-clock.c
		_SetAlarm1     		CODE           	173E	0000	411
		_Timer0_isr    		CODE           	251A	0000	95
		_YearFlash     		CODE           	218E	0000	115
		_DayFlash      		CODE           	2356	0000	115
		_SecsFlash     		CODE           	2200	0000	115
		_BootTest      		CODE           	2722	0000	33
		_MonthFlash    		CODE           	211A	0000	117
		_SetDay        		CODE           	12E0	0000	641
		_main          		CODE           	1560	0000	479
		_Switches      		CODE           	2700	0000	35
		_HrsFlash      		CODE           	22E4	0000	115
		_CurrentDisplay		CODE           	1A08	0000	295
		_enable_interrupts_all		CODE           	2822	0000	9
		_Num2Disp      		CODE           	1B2E	0000	261
		_Timer1_isr    		CODE           	25D4	0000	73
		_SetMenu       		CODE           	1040	0000	673
		_SetHrs        		CODE           	1F60	0000	169
		_SetMonth      		CODE           	1D08	0000	201
		_enable_PB1_interrupt		CODE           	282A	0000	9
		_DegreesFlash  		CODE           	243A	0000	113
		_hp_secs_count_isr		CODE           	0008	0000	157
		_StartADC      		CODE           	27FA	0000	15
		_StartTimer0   		CODE           	2770	0000	23
		_StartTimer1   		CODE           	275A	0000	23
		_PB1pressed    		CODE           	26CC	0000	53
		_PB2pressed    		CODE           	2698	0000	53
		_CalcLeapYear  		CODE           	2578	0000	93
		_RB0_isr       		CODE           	279C	0000	23
		_ConfigureIO   		CODE           	2742	0000	25
		_MinsFlash     		CODE           	2272	0000	115
		_lp_isr        		CODE           	0018	0000	153
		_SetMins       		CODE           	1E98	0000	201
		_SetSecs       		CODE           	1DD0	0000	201
		_Alarm1Flash   		CODE           	23C8	0000	115
		_CalcDate      		CODE           	1C32	0000	215
		_SetYear       		CODE           	18D8	0000	305

mini-project-clock.c estimated size: 5844

C:\Program Files (x86)\Microchip\xc8\v1.38\sources\common\awdiv.c
		___awdiv       		CODE           	2096	0000	133

C:\Program Files (x86)\Microchip\xc8\v1.38\sources\common\awdiv.c estimated size: 133

shared
		_DispNums      		SMALLCONST     	1034	0000	11
		_DaysInMonth   		SMALLCONST     	101A	0000	14
		__initialization		CODE           	265E	0000	49
		_DispChars     		SMALLCONST     	1001	0000	26
		i1_WriteTimer0 		CODE           	27D6	0000	19
		i2_WriteTimer1 		CODE           	27E8	0000	19
		_DaysInMonthLeap		SMALLCONST     	1027	0000	14

shared estimated size: 152

C:\Program Files (x86)\Microchip\xc8\v1.38\sources\pic18\plib\Timers\t1write.c
		_WriteTimer1   		CODE           	27B2	0000	19

C:\Program Files (x86)\Microchip\xc8\v1.38\sources\pic18\plib\Timers\t1write.c estimated size: 19

C:\Program Files (x86)\Microchip\xc8\v1.38\sources\pic18\plib\ADC\adcbusy.c
		_BusyADC       		CODE           	2816	0000	13

C:\Program Files (x86)\Microchip\xc8\v1.38\sources\pic18\plib\ADC\adcbusy.c estimated size: 13

C:\Program Files (x86)\Microchip\xc8\v1.38\sources\pic18\plib\Timers\t0write.c
		_WriteTimer0   		CODE           	27C4	0000	19

C:\Program Files (x86)\Microchip\xc8\v1.38\sources\pic18\plib\Timers\t0write.c estimated size: 19

