Microchip MPLAB XC8 Compiler V1.38 ()

Linker command line:

-W-3 --edf=C:\Program Files (x86)\Microchip\xc8\v1.38\dat\en_msgs.txt -cs \
  -h+dist/default/production\mini-project.production.sym \
  --cmf=dist/default/production\mini-project.production.cmf -z -Q18F8722 \
  -oC:\Users\Jack\AppData\Local\Temp\s7jo.2 \
  -Mdist/default/production/mini-project.production.map -E1 -ver=XC8 \
  -ASTACK=074h-0f5fh -pstack=STACK -ACODE=00h-01FFFFh -ACONST=00h-01FFFFh \
  -ASMALLCONST=01000h-010FFhx496 \
  -AMEDIUMCONST=01000h-0FFFFh,011000h-01FFFFh -ACOMRAM=01h-05Fh \
  -AABS1=00h-0F5Fh -ABIGRAM=01h-0F5Fh \
  -ARAM=060h-0FFh,0100h-01FFhx14,0F00h-0F5Fh -ABANK0=060h-0FFh \
  -ABANK1=0100h-01FFh -ABANK2=0200h-02FFh -ABANK3=0300h-03FFh \
  -ABANK4=0400h-04FFh -ABANK5=0500h-05FFh -ABANK6=0600h-06FFh \
  -ABANK7=0700h-07FFh -ABANK8=0800h-08FFh -ABANK9=0900h-09FFh \
  -ABANK10=0A00h-0AFFh -ABANK11=0B00h-0BFFh -ABANK12=0C00h-0CFFh \
  -ABANK13=0D00h-0DFFh -ABANK14=0E00h-0EFFh -ABANK15=0F00h-0F5Fh \
  -ASFR=0F60h-0FFFh \
  -preset_vec=00h,intcode=08h,intcodelo=018h,powerup,init,end_init \
  -pramtop=01000h -psmallconst=SMALLCONST -pmediumconst=MEDIUMCONST \
  -pconst=CONST -AFARRAM=00h-00h -ACONFIG=0300000h-030000Dh -pconfig=CONFIG \
  -AIDLOC=0200000h-0200007h -pidloc=IDLOC -AEEDATA=0F00000h-0F003FFh \
  -peeprom_data=EEDATA \
  -prdata=COMRAM,nvrram=COMRAM,nvbit=COMRAM,rbss=COMRAM,rbit=COMRAM \
  -pfarbss=FARRAM,fardata=FARRAM,nvFARRAM=FARRAM \
  -pintsave_regs=BIGRAM,bigbss=BIGRAM,bigdata=BIGRAM -pbss=RAM \
  -pidata=CODE,irdata=CODE,ibigdata=CODE,ifardata=CODE -prparam=COMRAM \
  C:\Users\Jack\AppData\Local\Temp\s7jo.obj \
  dist/default/production\mini-project.production.obj 

Object code version is 3.11

Machine type is 18F8722

Call graph: (short form)




                Name                               Link     Load   Length Selector   Space Scale
C:\Users\Jack\AppData\Local\Temp\s7jo.obj
                end_init                             BC       BC        4        C       0
                reset_vec                             0        0        4        0       0
                idloc                            200000   200000        8   200000       0
                config                           300000   300000        E   300000       0
dist/default/production\mini-project.production.obj
                intcodelo                            18       18       A4        C       0
                intcode                               8        8        E        4       0
                temp                                 4D       4D        1        1       1
                smallconst                         1000     1000       40      800       0
                text46                             7372     7372       16      820       0
                text45                             73D2     73D2       12      820       0
                intcode_body                       6C94     6C94       84      820       0
                text43                             7180     7180       56      820       0
                text42                             73C0     73C0       12      820       0
                text40                             7310     7310       1C      820       0
                text39                             7388     7388       14      820       0
                text38                             71D6     71D6       44      820       0
                text37                             711E     711E       62      820       0
                text36                             6D8C     6D8C       74      820       0
                text35                             6B4A     6B4A       A8      820       0
                text34                             721A     721A       3C      820       0
                text33                             64A2     64A2      108      820       0
                text32                             732C     732C       1A      820       0
                text31                             69E4     69E4       BE      820       0
                text30                             6BF2     6BF2       A2      820       0
                text29                             6912     6912       D2      820       0
                text28                             65AA     65AA       E0      820       0
                text27                             70AC     70AC       72      820       0
                text26                             703A     703A       72      820       0
                text25                             6FC8     6FC8       72      820       0
                text24                             6F56     6F56       72      820       0
                text23                             6EE4     6EE4       72      820       0
                text22                             72E8     72E8       28      820       0
                text21                             72C0     72C0       28      820       0
                text20                             6AA2     6AA2       A8      820       0
                text19                             683A     683A       D8      820       0
                text18                             6762     6762       D8      820       0
                text17                             7290     7290       30      820       0
                text16                             61D8     61D8      182      820       0
                text15                             6E72     6E72       72      820       0
                text14                             6D18     6D18       74      820       0
                text13                             58EC     58EC      27C      820       0
                text12                             668A     668A       D8      820       0
                text11                             635A     635A      148      820       0
                text10                             6E00     6E00       72      820       0
                text9                              5DC2     5DC2      22A      820       0
                text8                              5B68     5B68      25A      820       0
                text7                              1040     1040     2824      820       0
                text6                              3864     3864     2088      820       0
                text5                              735C     735C       16      820       0
                text4                              7346     7346       16      820       0
                text3                              73AE     73AE       12      820       0
                text2                              739C     739C       12      820       0
                text1                              73E4     73E4        8      820       0
                text0                              5FEC     5FEC      1EC      820       0
                cstackCOMRAM                          1        1       27        1       1
                cstackBANK0                          60       60        F       60       1
                bssBANK0                             6F       6F        5       60       1
                dataCOMRAM                           4A       4A        2        1       1
                bssCOMRAM                            28       28       22        1       1
                cinit                              7256     7256       3A      820       0
                nvCOMRAM                             4C       4C        1        1       1
                idataCOMRAM                        73EC     73EC        2      820       0

TOTAL           Name                               Link     Load   Length     Space
        CLASS   STACK          

        CLASS   CODE           
                end_init                             BC       BC        4         0
                intcodelo                            18       18       A4         0
                intcode                               8        8        E         0
                reset_vec                             0        0        4         0
                text46                             7372     7372       16         0
                text45                             73D2     73D2       12         0
                intcode_body                       6C94     6C94       84         0
                text43                             7180     7180       56         0
                text42                             73C0     73C0       12         0
                text40                             7310     7310       1C         0
                text39                             7388     7388       14         0
                text38                             71D6     71D6       44         0
                text37                             711E     711E       62         0
                text36                             6D8C     6D8C       74         0
                text35                             6B4A     6B4A       A8         0
                text34                             721A     721A       3C         0
                text33                             64A2     64A2      108         0
                text32                             732C     732C       1A         0
                text31                             69E4     69E4       BE         0
                text30                             6BF2     6BF2       A2         0
                text29                             6912     6912       D2         0
                text28                             65AA     65AA       E0         0
                text27                             70AC     70AC       72         0
                text26                             703A     703A       72         0
                text25                             6FC8     6FC8       72         0
                text24                             6F56     6F56       72         0
                text23                             6EE4     6EE4       72         0
                text22                             72E8     72E8       28         0
                text21                             72C0     72C0       28         0
                text20                             6AA2     6AA2       A8         0
                text19                             683A     683A       D8         0
                text18                             6762     6762       D8         0
                text17                             7290     7290       30         0
                text16                             61D8     61D8      182         0
                text15                             6E72     6E72       72         0
                text14                             6D18     6D18       74         0
                text13                             58EC     58EC      27C         0
                text12                             668A     668A       D8         0
                text11                             635A     635A      148         0
                text10                             6E00     6E00       72         0
                text9                              5DC2     5DC2      22A         0
                text8                              5B68     5B68      25A         0
                text7                              1040     1040     2824         0
                text6                              3864     3864     2088         0
                text5                              735C     735C       16         0
                text4                              7346     7346       16         0
                text3                              73AE     73AE       12         0
                text2                              739C     739C       12         0
                text1                              73E4     73E4        8         0
                text0                              5FEC     5FEC      1EC         0
                cinit                              7256     7256       3A         0
                idataCOMRAM                        73EC     73EC        2         0

        CLASS   CONST          

        CLASS   SMALLCONST     
                smallconst                         1000     1000       40         0

        CLASS   MEDIUMCONST    

        CLASS   COMRAM         
                temp                                 4D       4D        1         1
                cstackCOMRAM                          1        1       27         1
                dataCOMRAM                           4A       4A        2         1
                bssCOMRAM                            28       28       22         1
                nvCOMRAM                             4C       4C        1         1

        CLASS   ABS1           

        CLASS   BIGRAM         

        CLASS   RAM            

        CLASS   BANK0          
                cstackBANK0                          60       60        F         1
                bssBANK0                             6F       6F        5         1

        CLASS   BANK1          

        CLASS   BANK2          

        CLASS   BANK3          

        CLASS   BANK4          

        CLASS   BANK5          

        CLASS   BANK6          

        CLASS   BANK7          

        CLASS   BANK8          

        CLASS   BANK9          

        CLASS   BANK10         

        CLASS   BANK11         

        CLASS   BANK12         

        CLASS   BANK13         

        CLASS   BANK14         

        CLASS   BANK15         

        CLASS   SFR            

        CLASS   FARRAM         

        CLASS   CONFIG         
                config                           300000   300000        E         0

        CLASS   IDLOC          
                idloc                            200000   200000        8         0

        CLASS   EEDATA         



SEGMENTS        Name                           Load    Length   Top    Selector   Space  Class

                reset_vec                      000000  000004  000004         0       0  CODE    
                cstackCOMRAM                   000001  00004D  00004E         1       1  COMRAM  
                intcode                        000008  00000E  000016         4       0  CODE    
                intcodelo                      000018  0000A8  0000C0         C       0  CODE    
                cstackBANK0                    000060  000014  000074        60       1  BANK0   
                smallconst                     001000  000040  001040       800       0  SMALLCON
                text7                          001040  0063AE  0073EE       820       0  CODE    
                idloc                          200000  000008  200008    200000       0  IDLOC   
                config                         300000  00000E  30000E    300000       0  CONFIG  


UNUSED ADDRESS RANGES

        Name                Unused          Largest block    Delta
        BANK0            000074-0000FF               8C
        BANK1            000100-0001FF              100
        BANK10           000A00-000AFF              100
        BANK11           000B00-000BFF              100
        BANK12           000C00-000CFF              100
        BANK13           000D00-000DFF              100
        BANK14           000E00-000EFF              100
        BANK15           000F00-000F5F               60
        BANK2            000200-0002FF              100
        BANK3            000300-0003FF              100
        BANK4            000400-0004FF              100
        BANK5            000500-0005FF              100
        BANK6            000600-0006FF              100
        BANK7            000700-0007FF              100
        BANK8            000800-0008FF              100
        BANK9            000900-0009FF              100
        BIGRAM           00004E-00005F               12
                         000074-000F5F              EEC
        CODE             000004-000007                4
                         000016-000017                2
                         0000C0-000FFF              F40
                         0073EE-01FFFF            18C12
        COMRAM           00004E-00005F               12
        CONST            000004-000007                4
                         000016-000017                2
                         0000C0-000FFF              F40
                         0073EE-01FFFF            18C12
        EEDATA           F00000-F003FF              400
        MEDIUMCONST      0073EE-00FFFF             8C12
                         011000-01FFFF             F000
        RAM              000074-000F5F              100
        SFR              000F60-000FFF               A0
        SMALLCONST       0073EE-01FFFF              100
        STACK            000074-000F5F              EEC

                                  Symbol Table

?___awdiv                       cstackBANK0  000060
?___awmod                       cstackBANK0  000060
?___lwmod                       cstackBANK0  000060
CalcLeapYear@year               cstackBANK0  000065
CalcTime@mins_temp              cstackBANK0  000060
CompareTimes@alarmDate          cstackBANK0  000067
CompareTimes@alarmTime          cstackBANK0  000065
CompareTimes@args               cstackBANK0  000069
CompareTimes@mainDate           cstackBANK0  000063
CompareTimes@mainTime           cstackBANK0  000060
CurrentDisplay@i                cstackBANK0  00006D
Delay10KTCYx@unit               cstackBANK0  000061
Delay10TCYx@unit                cstackBANK0  000060
Num2Disp@tens                   cstackBANK0  00006B
Num2Disp@time                   cstackBANK0  000068
Num2Disp@units                  cstackBANK0  00006C
SetDay@dd                       cstackBANK0  000069
SetHrs@th                       cstackBANK0  000062
SetMins@tm                      cstackBANK0  000062
SetMonth@dm                     cstackBANK0  000062
SetSecs@ts                      cstackBANK0  000062
SetYear@dy                      cstackBANK0  000062
Switches@temp                   cstackBANK0  000060
Switches@temp1                  cstackBANK0  000062
Switches@temp2                  cstackBANK0  000061
WriteTimer0@timer               cstackBANK0  000062
WriteTimer0@timer0              cstackBANK0  000060
WriteTimer1@timer               cstackBANK0  000062
WriteTimer1@timer1              cstackBANK0  000060
_ADCON1                         (abs)        000FC1
_Alarm1Date                     bssBANK0     00006F
_Alarm1Flash                    text27       0070AC
_Alarm1On                       bssCOMRAM    000030
_Alarm1Time                     bssCOMRAM    000040
_Alarm2Date                     bssCOMRAM    000036
_Alarm2Flash                    text26       00703A
_Alarm2On                       bssCOMRAM    000031
_Alarm2Time                     bssCOMRAM    000043
_BootTest                       text38       0071D6
_CalcDate                       text35       006B4A
_CalcLeapYear                   text36       006D8C
_CalcTime                       text34       00721A
_CompareTimes                   text33       0064A2
_ConfigureIO                    text32       00732C
_CurrentDisplay                 text28       0065AA
_DayFlash                       text15       006E72
_DaysInMonth                    smallconst   00101A
_DaysInMonthLeap                smallconst   001027
_Delay10KTCYx                   text40       007310
_Delay10TCYx                    text39       007388
_DispChars                      smallconst   001001
_DispNums                       smallconst   001034
_HrsFlash                       text25       006FC8
_INTCON2bits                    (abs)        000FF1
_INTCONbits                     (abs)        000FF2
_IPR1bits                       (abs)        000F9F
_LATAbits                       (abs)        000F89
_LATF                           (abs)        000F8E
_LATHbits                       (abs)        000F90
_LATJbits                       (abs)        000F91
_MainDate                       bssCOMRAM    00003B
_MainTime                       bssCOMRAM    000046
_MinsFlash                      text24       006F56
_MonthFlash                     text14       006D18
_Num2Disp                       text29       006912
_PB1pressed                     text22       0072E8
_PB2pressed                     text21       0072C0
_PIE1bits                       (abs)        000F9D
_PIR1bits                       (abs)        000F9E
_PORTBbits                      (abs)        000F81
_PORTC                          (abs)        000F82
_PORTH                          (abs)        000F87
_PORTJbits                      (abs)        000F88
_RCONbits                       (abs)        000FD0
_SecsFlash                      text23       006EE4
_SetAlarm1                      text16       0061D8
_SetAlarm2                      text9        005DC2
_SetDay                         text13       0058EC
_SetHrs                         text20       006AA2
_SetMenu                        text8        005B68
_SetMins                        text19       00683A
_SetMonth                       text12       00668A
_SetSecs                        text18       006762
_SetYear                        text11       00635A
_SoundAlarm1                    text7        001040
_SoundAlarm2                    text6        003864
_StartTimer0                    text5        00735C
_StartTimer1                    text4        007346
_Switches                       text17       007290
_T0CON                          (abs)        000FD5
_T0CONbits                      (abs)        000FD5
_T1CON                          (abs)        000FCD
_T1CONbits                      (abs)        000FCD
_TMR0H                          (abs)        000FD7
_TMR0L                          (abs)        000FD6
_TMR1H                          (abs)        000FCF
_TMR1L                          (abs)        000FCE
_TRISA                          (abs)        000F92
_TRISB                          (abs)        000F93
_TRISC                          (abs)        000F94
_TRISF                          (abs)        000F97
_TRISH                          (abs)        000F99
_TRISJ                          (abs)        000F9A
_Timer0_isr                     text43       007180
_Timer1_isr                     text46       007372
_WriteTimer0                    text3        0073AE
_WriteTimer1                    text2        00739C
_YearFlash                      text10       006E00
__CFG_ADDRBW$ADDR20BIT          (abs)        000000
__CFG_BBSIZ$BB2K                (abs)        000000
__CFG_BOREN$OFF                 (abs)        000000
__CFG_BORV$0                    (abs)        000000
__CFG_CCP2MX$PORTC              (abs)        000000
__CFG_CP0$OFF                   (abs)        000000
__CFG_CP1$OFF                   (abs)        000000
__CFG_CP2$OFF                   (abs)        000000
__CFG_CP3$OFF                   (abs)        000000
__CFG_CP4$OFF                   (abs)        000000
__CFG_CP5$OFF                   (abs)        000000
__CFG_CP6$OFF                   (abs)        000000
__CFG_CP7$OFF                   (abs)        000000
__CFG_CPB$OFF                   (abs)        000000
__CFG_CPD$OFF                   (abs)        000000
__CFG_DATABW$DATA16BIT          (abs)        000000
__CFG_EBTR0$OFF                 (abs)        000000
__CFG_EBTR1$OFF                 (abs)        000000
__CFG_EBTR2$OFF                 (abs)        000000
__CFG_EBTR3$OFF                 (abs)        000000
__CFG_EBTR4$OFF                 (abs)        000000
__CFG_EBTR5$OFF                 (abs)        000000
__CFG_EBTR6$OFF                 (abs)        000000
__CFG_EBTR7$OFF                 (abs)        000000
__CFG_EBTRB$OFF                 (abs)        000000
__CFG_ECCPMX$PORTE              (abs)        000000
__CFG_FCMEN$OFF                 (abs)        000000
__CFG_IESO$OFF                  (abs)        000000
__CFG_LPT1OSC$OFF               (abs)        000000
__CFG_LVP$OFF                   (abs)        000000
__CFG_MCLRE$ON                  (abs)        000000
__CFG_MODE$MC                   (abs)        000000
__CFG_OSC$HS                    (abs)        000000
__CFG_PWRT$OFF                  (abs)        000000
__CFG_STVREN$OFF                (abs)        000000
__CFG_WAIT$OFF                  (abs)        000000
__CFG_WDT$OFF                   (abs)        000000
__CFG_WDTPS$32768               (abs)        000000
__CFG_WRT0$OFF                  (abs)        000000
__CFG_WRT1$OFF                  (abs)        000000
__CFG_WRT2$OFF                  (abs)        000000
__CFG_WRT3$OFF                  (abs)        000000
__CFG_WRT4$OFF                  (abs)        000000
__CFG_WRT5$OFF                  (abs)        000000
__CFG_WRT6$OFF                  (abs)        000000
__CFG_WRT7$OFF                  (abs)        000000
__CFG_WRTB$OFF                  (abs)        000000
__CFG_WRTC$OFF                  (abs)        000000
__CFG_WRTD$OFF                  (abs)        000000
__CFG_XINST$OFF                 (abs)        000000
__HRAM                          (abs)        000000
__Habs1                         abs1         000000
__Hbank0                        bank0        000000
__Hbank1                        bank1        000000
__Hbank10                       bank10       000000
__Hbank11                       bank11       000000
__Hbank12                       bank12       000000
__Hbank13                       bank13       000000
__Hbank14                       bank14       000000
__Hbank15                       bank15       000000
__Hbank2                        bank2        000000
__Hbank3                        bank3        000000
__Hbank4                        bank4        000000
__Hbank5                        bank5        000000
__Hbank6                        bank6        000000
__Hbank7                        bank7        000000
__Hbank8                        bank8        000000
__Hbank9                        bank9        000000
__Hbigbss                       bigbss       000000
__Hbigdata                      bigdata      000000
__Hbigram                       bigram       000000
__Hbss                          bss          000000
__HbssBANK0                     bssBANK0     000000
__HbssCOMRAM                    bssCOMRAM    000000
__Hcinit                        cinit        000000
__Hclrtext                      clrtext      000000
__Hcomram                       comram       000000
__Hconfig                       config       30000E
__Hconst                        const        000000
__HcstackBANK0                  cstackBANK0  000000
__HcstackCOMRAM                 cstackCOMRAM 000000
__Hdata                         data         000000
__HdataCOMRAM                   dataCOMRAM   000000
__Heeprom_data                  eeprom_data  000000
__Hend_init                     end_init     0000C0
__Hfarbss                       farbss       000000
__Hfardata                      fardata      000000
__Hibigdata                     ibigdata     000000
__Hidata                        idata        000000
__HidataCOMRAM                  idataCOMRAM  000000
__Hidloc                        idloc        200008
__Hifardata                     ifardata     000000
__Hinit                         init         0000BC
__Hintcode                      intcode      000016
__Hintcode_body                 intcode_body 000000
__Hintcodelo                    intcodelo    0000BC
__Hintentry                     intentry     000000
__Hintret                       intret       000000
__Hintsave_regs                 intsave_regs 000000
__Hirdata                       irdata       000000
__Hmediumconst                  mediumconst  000000
__HnvCOMRAM                     nvCOMRAM     000000
__HnvFARRAM                     nvFARRAM     000000
__Hnvbit                        nvbit        000000
__Hnvrram                       nvrram       000000
__Hparam                        rparam       000000
__Hpowerup                      powerup      0000BC
__Hram                          ram          000000
__Hramtop                       ramtop       001000
__Hrbit                         rbit         000000
__Hrbss                         rbss         000000
__Hrdata                        rdata        000000
__Hreset_vec                    reset_vec    000004
__Hrparam                       rparam       000000
__Hsfr                          sfr          000000
__Hsmallconst                   smallconst   001040
__Hspace_0                      (abs)        30000E
__Hspace_1                      (abs)        000074
__Hspace_2                      (abs)        000000
__Hstack                        stack        000000
__Hstruct                       struct       000000
__Htemp                         temp         00004E
__Htext                         text         000000
__Htext0                        text0        000000
__Htext1                        text1        000000
__Htext10                       text10       000000
__Htext11                       text11       000000
__Htext12                       text12       000000
__Htext13                       text13       000000
__Htext14                       text14       000000
__Htext15                       text15       000000
__Htext16                       text16       000000
__Htext17                       text17       000000
__Htext18                       text18       000000
__Htext19                       text19       000000
__Htext2                        text2        000000
__Htext20                       text20       000000
__Htext21                       text21       000000
__Htext22                       text22       000000
__Htext23                       text23       000000
__Htext24                       text24       000000
__Htext25                       text25       000000
__Htext26                       text26       000000
__Htext27                       text27       000000
__Htext28                       text28       000000
__Htext29                       text29       000000
__Htext3                        text3        000000
__Htext30                       text30       000000
__Htext31                       text31       000000
__Htext32                       text32       000000
__Htext33                       text33       000000
__Htext34                       text34       000000
__Htext35                       text35       000000
__Htext36                       text36       000000
__Htext37                       text37       000000
__Htext38                       text38       000000
__Htext39                       text39       000000
__Htext4                        text4        000000
__Htext40                       text40       000000
__Htext42                       text42       000000
__Htext43                       text43       000000
__Htext45                       text45       000000
__Htext46                       text46       000000
__Htext5                        text5        000000
__Htext6                        text6        000000
__Htext7                        text7        000000
__Htext8                        text8        000000
__Htext9                        text9        000000
__LRAM                          (abs)        000001
__Labs1                         abs1         000000
__Lbank0                        bank0        000000
__Lbank1                        bank1        000000
__Lbank10                       bank10       000000
__Lbank11                       bank11       000000
__Lbank12                       bank12       000000
__Lbank13                       bank13       000000
__Lbank14                       bank14       000000
__Lbank15                       bank15       000000
__Lbank2                        bank2        000000
__Lbank3                        bank3        000000
__Lbank4                        bank4        000000
__Lbank5                        bank5        000000
__Lbank6                        bank6        000000
__Lbank7                        bank7        000000
__Lbank8                        bank8        000000
__Lbank9                        bank9        000000
__Lbigbss                       bigbss       000000
__Lbigdata                      bigdata      000000
__Lbigram                       bigram       000000
__Lbss                          bss          000000
__LbssBANK0                     bssBANK0     000000
__LbssCOMRAM                    bssCOMRAM    000000
__Lcinit                        cinit        000000
__Lclrtext                      clrtext      000000
__Lcomram                       comram       000000
__Lconfig                       config       300000
__Lconst                        const        000000
__LcstackBANK0                  cstackBANK0  000000
__LcstackCOMRAM                 cstackCOMRAM 000000
__Ldata                         data         000000
__LdataCOMRAM                   dataCOMRAM   000000
__Leeprom_data                  eeprom_data  000000
__Lend_init                     end_init     0000BC
__Lfarbss                       farbss       000000
__Lfardata                      fardata      000000
__Libigdata                     ibigdata     000000
__Lidata                        idata        000000
__LidataCOMRAM                  idataCOMRAM  000000
__Lidloc                        idloc        200000
__Lifardata                     ifardata     000000
__Linit                         init         0000BC
__Lintcode                      intcode      000008
__Lintcode_body                 intcode_body 000000
__Lintcodelo                    intcodelo    000018
__Lintentry                     intentry     000000
__Lintret                       intret       000000
__Lintsave_regs                 intsave_regs 000000
__Lirdata                       irdata       000000
__Lmediumconst                  mediumconst  000000
__LnvCOMRAM                     nvCOMRAM     000000
__LnvFARRAM                     nvFARRAM     000000
__Lnvbit                        nvbit        000000
__Lnvrram                       nvrram       000000
__Lparam                        rparam       000000
__Lpowerup                      powerup      0000BC
__Lram                          ram          000000
__Lramtop                       ramtop       001000
__Lrbit                         rbit         000000
__Lrbss                         rbss         000000
__Lrdata                        rdata        000000
__Lreset_vec                    reset_vec    000000
__Lrparam                       rparam       000000
__Lsfr                          sfr          000000
__Lsmallconst                   smallconst   001000
__Lspace_0                      (abs)        000000
__Lspace_1                      (abs)        000000
__Lspace_2                      (abs)        000000
__Lstack                        stack        000000
__Lstruct                       struct       000000
__Ltemp                         temp         00004D
__Ltext                         text         000000
__Ltext0                        text0        000000
__Ltext1                        text1        000000
__Ltext10                       text10       000000
__Ltext11                       text11       000000
__Ltext12                       text12       000000
__Ltext13                       text13       000000
__Ltext14                       text14       000000
__Ltext15                       text15       000000
__Ltext16                       text16       000000
__Ltext17                       text17       000000
__Ltext18                       text18       000000
__Ltext19                       text19       000000
__Ltext2                        text2        000000
__Ltext20                       text20       000000
__Ltext21                       text21       000000
__Ltext22                       text22       000000
__Ltext23                       text23       000000
__Ltext24                       text24       000000
__Ltext25                       text25       000000
__Ltext26                       text26       000000
__Ltext27                       text27       000000
__Ltext28                       text28       000000
__Ltext29                       text29       000000
__Ltext3                        text3        000000
__Ltext30                       text30       000000
__Ltext31                       text31       000000
__Ltext32                       text32       000000
__Ltext33                       text33       000000
__Ltext34                       text34       000000
__Ltext35                       text35       000000
__Ltext36                       text36       000000
__Ltext37                       text37       000000
__Ltext38                       text38       000000
__Ltext39                       text39       000000
__Ltext4                        text4        000000
__Ltext40                       text40       000000
__Ltext42                       text42       000000
__Ltext43                       text43       000000
__Ltext45                       text45       000000
__Ltext46                       text46       000000
__Ltext5                        text5        000000
__Ltext6                        text6        000000
__Ltext7                        text7        000000
__Ltext8                        text8        000000
__Ltext9                        text9        000000
__S0                            (abs)        30000E
__S1                            (abs)        000074
__S2                            (abs)        000000
___awdiv                        text31       0069E4
___awdiv@counter                cstackBANK0  000064
___awdiv@dividend               cstackBANK0  000060
___awdiv@divisor                cstackBANK0  000062
___awdiv@quotient               cstackBANK0  000066
___awdiv@sign                   cstackBANK0  000065
___awmod                        text30       006BF2
___awmod@counter                cstackBANK0  000064
___awmod@dividend               cstackBANK0  000060
___awmod@divisor                cstackBANK0  000062
___awmod@sign                   cstackBANK0  000065
___extmem_base                  (abs)        020000
___inthi_sp                     stack        000000
___intlo_sp                     stack        000000
___lwmod                        text37       00711E
___lwmod@counter                cstackBANK0  000064
___lwmod@dividend               cstackBANK0  000060
___lwmod@divisor                cstackBANK0  000062
___param_bank                   (abs)        000010
___rparam_used                  (abs)        000001
___sp                           stack        000000
__accesstop                     (abs)        000060
__activetblptr                  (abs)        000003
__end_of_Alarm1Flash            text27       00711E
__end_of_Alarm2Flash            text26       0070AC
__end_of_BootTest               text38       00721A
__end_of_CalcDate               text35       006BF2
__end_of_CalcLeapYear           text36       006E00
__end_of_CalcTime               text34       007256
__end_of_CompareTimes           text33       0065AA
__end_of_ConfigureIO            text32       007346
__end_of_CurrentDisplay         text28       00668A
__end_of_DayFlash               text15       006EE4
__end_of_DaysInMonth            smallconst   001027
__end_of_DaysInMonthLeap        smallconst   001034
__end_of_Delay10KTCYx           text40       00732C
__end_of_Delay10TCYx            text39       00739C
__end_of_DispChars              smallconst   00101A
__end_of_DispNums               smallconst   00103E
__end_of_HrsFlash               text25       00703A
__end_of_MinsFlash              text24       006FC8
__end_of_MonthFlash             text14       006D8C
__end_of_Num2Disp               text29       0069E4
__end_of_PB1pressed             text22       007310
__end_of_PB2pressed             text21       0072E8
__end_of_SecsFlash              text23       006F56
__end_of_SetAlarm1              text16       00635A
__end_of_SetAlarm2              text9        005FEC
__end_of_SetDay                 text13       005B68
__end_of_SetHrs                 text20       006B4A
__end_of_SetMenu                text8        005DC2
__end_of_SetMins                text19       006912
__end_of_SetMonth               text12       006762
__end_of_SetSecs                text18       00683A
__end_of_SetYear                text11       0064A2
__end_of_SoundAlarm1            text7        003864
__end_of_SoundAlarm2            text6        0058EC
__end_of_StartTimer0            text5        007372
__end_of_StartTimer1            text4        00735C
__end_of_Switches               text17       0072C0
__end_of_Timer0_isr             text43       0071D6
__end_of_Timer1_isr             text46       007388
__end_of_WriteTimer0            text3        0073C0
__end_of_WriteTimer1            text2        0073AE
__end_of_YearFlash              text10       006E72
__end_of___awdiv                text31       006AA2
__end_of___awmod                text30       006C94
__end_of___lwmod                text37       007180
__end_of__initialization        cinit        007286
__end_of_enable_interrupts_all  text1        0073EC
__end_of_hp_secs_count_isr      intcode_body 006D18
__end_of_lp_isr                 intcodelo    0000BC
__end_of_main                   text0        0061D8
__end_ofi1_WriteTimer0          text42       0073D2
__end_ofi2_WriteTimer1          text45       0073E4
__initialization                cinit        007256
__mediumconst                   mediumconst  000000
__pbssBANK0                     bssBANK0     00006F
__pbssCOMRAM                    bssCOMRAM    000028
__pcinit                        cinit        007256
__pcstackBANK0                  cstackBANK0  000060
__pcstackCOMRAM                 cstackCOMRAM 000001
__pdataCOMRAM                   dataCOMRAM   00004A
__pidataCOMRAM                  idataCOMRAM  0073EC
__pintcode                      intcode      000008
__pintcode_body                 intcode_body 006C94
__pintcodelo                    intcodelo    000018
__pnvCOMRAM                     nvCOMRAM     00004C
__psmallconst                   smallconst   001000
__ptext0                        text0        005FEC
__ptext1                        text1        0073E4
__ptext10                       text10       006E00
__ptext11                       text11       00635A
__ptext12                       text12       00668A
__ptext13                       text13       0058EC
__ptext14                       text14       006D18
__ptext15                       text15       006E72
__ptext16                       text16       0061D8
__ptext17                       text17       007290
__ptext18                       text18       006762
__ptext19                       text19       00683A
__ptext2                        text2        00739C
__ptext20                       text20       006AA2
__ptext21                       text21       0072C0
__ptext22                       text22       0072E8
__ptext23                       text23       006EE4
__ptext24                       text24       006F56
__ptext25                       text25       006FC8
__ptext26                       text26       00703A
__ptext27                       text27       0070AC
__ptext28                       text28       0065AA
__ptext29                       text29       006912
__ptext3                        text3        0073AE
__ptext30                       text30       006BF2
__ptext31                       text31       0069E4
__ptext32                       text32       00732C
__ptext33                       text33       0064A2
__ptext34                       text34       00721A
__ptext35                       text35       006B4A
__ptext36                       text36       006D8C
__ptext37                       text37       00711E
__ptext38                       text38       0071D6
__ptext39                       text39       007388
__ptext4                        text4        007346
__ptext40                       text40       007310
__ptext42                       text42       0073C0
__ptext43                       text43       007180
__ptext45                       text45       0073D2
__ptext46                       text46       007372
__ptext5                        text5        00735C
__ptext6                        text6        003864
__ptext7                        text7        001040
__ptext8                        text8        005B68
__ptext9                        text9        005DC2
__ramtop                        ramtop       001000
__size_of_Alarm1Flash           (abs)        000000
__size_of_Alarm2Flash           (abs)        000000
__size_of_BootTest              (abs)        000000
__size_of_CalcDate              (abs)        000000
__size_of_CalcLeapYear          (abs)        000000
__size_of_CalcTime              (abs)        000000
__size_of_CompareTimes          (abs)        000000
__size_of_ConfigureIO           (abs)        000000
__size_of_CurrentDisplay        (abs)        000000
__size_of_DayFlash              (abs)        000000
__size_of_Delay10KTCYx          (abs)        000000
__size_of_Delay10TCYx           (abs)        000000
__size_of_HrsFlash              (abs)        000000
__size_of_MinsFlash             (abs)        000000
__size_of_MonthFlash            (abs)        000000
__size_of_Num2Disp              (abs)        000000
__size_of_PB1pressed            (abs)        000000
__size_of_PB2pressed            (abs)        000000
__size_of_SecsFlash             (abs)        000000
__size_of_SetAlarm1             (abs)        000000
__size_of_SetAlarm2             (abs)        000000
__size_of_SetDay                (abs)        000000
__size_of_SetHrs                (abs)        000000
__size_of_SetMenu               (abs)        000000
__size_of_SetMins               (abs)        000000
__size_of_SetMonth              (abs)        000000
__size_of_SetSecs               (abs)        000000
__size_of_SetYear               (abs)        000000
__size_of_SoundAlarm1           (abs)        000000
__size_of_SoundAlarm2           (abs)        000000
__size_of_StartTimer0           (abs)        000000
__size_of_StartTimer1           (abs)        000000
__size_of_Switches              (abs)        000000
__size_of_Timer0_isr            (abs)        000000
__size_of_Timer1_isr            (abs)        000000
__size_of_WriteTimer0           (abs)        000000
__size_of_WriteTimer1           (abs)        000000
__size_of_YearFlash             (abs)        000000
__size_of___awdiv               (abs)        000000
__size_of___awmod               (abs)        000000
__size_of___lwmod               (abs)        000000
__size_of_enable_interrupts_all (abs)        000000
__size_of_hp_secs_count_isr     (abs)        000000
__size_of_lp_isr                (abs)        000000
__size_of_main                  (abs)        000000
__size_ofi1_WriteTimer0         (abs)        000000
__size_ofi2_WriteTimer1         (abs)        000000
__smallconst                    smallconst   001000
_day_rollover                   bssCOMRAM    000032
_disp_LEDS                      nvCOMRAM     00004C
_disp_U1                        bssCOMRAM    000033
_disp_U2                        bssCOMRAM    000034
_disp_index                     bssCOMRAM    000049
_dp_mask                        dataCOMRAM   00004A
_enable_interrupts_all          text1        0073E4
_hp_secs_count_isr              intcode      000008
_lp_isr                         intcodelo    000018
_main                           text0        005FEC
_mins_rollover                  bssCOMRAM    000035
_ms_count0                      bssCOMRAM    000028
_ms_count1                      bssCOMRAM    00002A
_ms_count2                      bssCOMRAM    00002C
_ms_count3                      bssCOMRAM    00002E
_multiplex_index                dataCOMRAM   00004B
btemp                           temp         00004D
end_of_initialization           cinit        007286
i1WriteTimer0@timer             cstackCOMRAM 000015
i1WriteTimer0@timer0            cstackCOMRAM 000013
i1_WriteTimer0                  text42       0073C0
i2WriteTimer1@timer             cstackCOMRAM 000003
i2WriteTimer1@timer1            cstackCOMRAM 000001
i2_WriteTimer1                  text45       0073D2
int$flags                       temp         00004D
int_func                        intcode_body 006C94
intlevel0                       text         000000
intlevel1                       text         000000
intlevel2                       text         000000
intlevel3                       text         000000
stackhi                         (abs)        000F5F
stacklo                         (abs)        000074
start                           init         0000BC
start_initialization            cinit        007256


FUNCTION INFORMATION:

 *************** function _main *****************
 Defined at:
		line 243 in file "mini-project-clock.c"
 Parameters:    Size  Location     Type
		None
 Auto vars:     Size  Location     Type
		None
 Return value:  Size  Location     Type
                  1    wreg      void 
 Registers used:
		wreg, fsr1l, fsr1h, fsr2l, fsr2h, status,2, status,0, tblptrl, tblptrh, tblptru, prodl, prodh, cstack
 Tracked objects:
		On entry : 
		On exit  : 
		Unchanged: 
 Data sizes:     COMRAM   BANK0   BANK1   BANK2   BANK3   BANK4   BANK5   BANK6   BANK7   BANK8   BANK9  BANK10  BANK11  BANK12  BANK13  BANK14  BANK15
      Params:         0       0       0       0       0       0       0       0       0       0       0       0       0       0       0       0       0
      Locals:         0       0       0       0       0       0       0       0       0       0       0       0       0       0       0       0       0
      Temps:          0       0       0       0       0       0       0       0       0       0       0       0       0       0       0       0       0
      Totals:         0       0       0       0       0       0       0       0       0       0       0       0       0       0       0       0       0
Total ram usage:        0 bytes
 Hardware stack levels required when called:    9
 This function calls:
		_BootTest
		_CalcDate
		_CalcTime
		_CompareTimes
		_ConfigureIO
		_CurrentDisplay
		_Delay10KTCYx
		_PB1pressed
		_PB2pressed
		_SetMenu
		_SoundAlarm1
		_SoundAlarm2
		_StartTimer0
		_StartTimer1
		_Switches
		_WriteTimer0
		_WriteTimer1
		_enable_interrupts_all
 This function is called by:
		Startup code after reset
 This function uses a non-reentrant model


 *************** function _enable_interrupts_all *****************
 Defined at:
		line 408 in file "mini-project-clock.c"
 Parameters:    Size  Location     Type
		None
 Auto vars:     Size  Location     Type
		None
 Return value:  Size  Location     Type
                  1    wreg      void 
 Registers used:
		None
 Tracked objects:
		On entry : 
		On exit  : 
		Unchanged: 
 Data sizes:     COMRAM   BANK0   BANK1   BANK2   BANK3   BANK4   BANK5   BANK6   BANK7   BANK8   BANK9  BANK10  BANK11  BANK12  BANK13  BANK14  BANK15
      Params:         0       0       0       0       0       0       0       0       0       0       0       0       0       0       0       0       0
      Locals:         0       0       0       0       0       0       0       0       0       0       0       0       0       0       0       0       0
      Temps:          0       0       0       0       0       0       0       0       0       0       0       0       0       0       0       0       0
      Totals:         0       0       0       0       0       0       0       0       0       0       0       0       0       0       0       0       0
Total ram usage:        0 bytes
 Hardware stack levels used:    1
 Hardware stack levels required when called:    4
 This function calls:
		Nothing
 This function is called by:
		_main
 This function uses a non-reentrant model


 *************** function _WriteTimer1 *****************
 Defined at:
		line 14 in file "C:\Program Files (x86)\Microchip\xc8\v1.38\sources\pic18\plib\Timers\t1write.c"
 Parameters:    Size  Location     Type
  timer1          2    0[BANK0 ] unsigned int 
 Auto vars:     Size  Location     Type
  timer           2    2[BANK0 ] struct Timers
 Return value:  Size  Location     Type
                  1    wreg      void 
 Registers used:
		None
 Tracked objects:
		On entry : 
		On exit  : 
		Unchanged: 
 Data sizes:     COMRAM   BANK0   BANK1   BANK2   BANK3   BANK4   BANK5   BANK6   BANK7   BANK8   BANK9  BANK10  BANK11  BANK12  BANK13  BANK14  BANK15
      Params:         0       2       0       0       0       0       0       0       0       0       0       0       0       0       0       0       0
      Locals:         0       2       0       0       0       0       0       0       0       0       0       0       0       0       0       0       0
      Temps:          0       0       0       0       0       0       0       0       0       0       0       0       0       0       0       0       0
      Totals:         0       4       0       0       0       0       0       0       0       0       0       0       0       0       0       0       0
Total ram usage:        4 bytes
 Hardware stack levels used:    1
 Hardware stack levels required when called:    4
 This function calls:
		Nothing
 This function is called by:
		_main
 This function uses a non-reentrant model


 *************** function _WriteTimer0 *****************
 Defined at:
		line 16 in file "C:\Program Files (x86)\Microchip\xc8\v1.38\sources\pic18\plib\Timers\t0write.c"
 Parameters:    Size  Location     Type
  timer0          2    0[BANK0 ] unsigned int 
 Auto vars:     Size  Location     Type
  timer           2    2[BANK0 ] struct Timers
 Return value:  Size  Location     Type
                  1    wreg      void 
 Registers used:
		None
 Tracked objects:
		On entry : 
		On exit  : 
		Unchanged: 
 Data sizes:     COMRAM   BANK0   BANK1   BANK2   BANK3   BANK4   BANK5   BANK6   BANK7   BANK8   BANK9  BANK10  BANK11  BANK12  BANK13  BANK14  BANK15
      Params:         0       2       0       0       0       0       0       0       0       0       0       0       0       0       0       0       0
      Locals:         0       2       0       0       0       0       0       0       0       0       0       0       0       0       0       0       0
      Temps:          0       0       0       0       0       0       0       0       0       0       0       0       0       0       0       0       0
      Totals:         0       4       0       0       0       0       0       0       0       0       0       0       0       0       0       0       0
Total ram usage:        4 bytes
 Hardware stack levels used:    1
 Hardware stack levels required when called:    4
 This function calls:
		Nothing
 This function is called by:
		_main
 This function uses a non-reentrant model


 *************** function _StartTimer1 *****************
 Defined at:
		line 429 in file "mini-project-clock.c"
 Parameters:    Size  Location     Type
		None
 Auto vars:     Size  Location     Type
		None
 Return value:  Size  Location     Type
                  1    wreg      void 
 Registers used:
		wreg, status,2
 Tracked objects:
		On entry : 
		On exit  : 
		Unchanged: 
 Data sizes:     COMRAM   BANK0   BANK1   BANK2   BANK3   BANK4   BANK5   BANK6   BANK7   BANK8   BANK9  BANK10  BANK11  BANK12  BANK13  BANK14  BANK15
      Params:         0       0       0       0       0       0       0       0       0       0       0       0       0       0       0       0       0
      Locals:         0       0       0       0       0       0       0       0       0       0       0       0       0       0       0       0       0
      Temps:          0       0       0       0       0       0       0       0       0       0       0       0       0       0       0       0       0
      Totals:         0       0       0       0       0       0       0       0       0       0       0       0       0       0       0       0       0
Total ram usage:        0 bytes
 Hardware stack levels used:    1
 Hardware stack levels required when called:    4
 This function calls:
		Nothing
 This function is called by:
		_main
 This function uses a non-reentrant model


 *************** function _StartTimer0 *****************
 Defined at:
		line 419 in file "mini-project-clock.c"
 Parameters:    Size  Location     Type
		None
 Auto vars:     Size  Location     Type
		None
 Return value:  Size  Location     Type
                  1    wreg      void 
 Registers used:
		wreg, status,2
 Tracked objects:
		On entry : 
		On exit  : 
		Unchanged: 
 Data sizes:     COMRAM   BANK0   BANK1   BANK2   BANK3   BANK4   BANK5   BANK6   BANK7   BANK8   BANK9  BANK10  BANK11  BANK12  BANK13  BANK14  BANK15
      Params:         0       0       0       0       0       0       0       0       0       0       0       0       0       0       0       0       0
      Locals:         0       0       0       0       0       0       0       0       0       0       0       0       0       0       0       0       0
      Temps:          0       0       0       0       0       0       0       0       0       0       0       0       0       0       0       0       0
      Totals:         0       0       0       0       0       0       0       0       0       0       0       0       0       0       0       0       0
Total ram usage:        0 bytes
 Hardware stack levels used:    1
 Hardware stack levels required when called:    4
 This function calls:
		Nothing
 This function is called by:
		_main
 This function uses a non-reentrant model


 *************** function _SoundAlarm2 *****************
 Defined at:
		line 1286 in file "mini-project-clock.c"
 Parameters:    Size  Location     Type
		None
 Auto vars:     Size  Location     Type
		None
 Return value:  Size  Location     Type
                  1    wreg      void 
 Registers used:
		wreg, status,2, status,0, tblptrl, tblptrh, tblptru, cstack
 Tracked objects:
		On entry : 
		On exit  : 
		Unchanged: 
 Data sizes:     COMRAM   BANK0   BANK1   BANK2   BANK3   BANK4   BANK5   BANK6   BANK7   BANK8   BANK9  BANK10  BANK11  BANK12  BANK13  BANK14  BANK15
      Params:         0       0       0       0       0       0       0       0       0       0       0       0       0       0       0       0       0
      Locals:         0       0       0       0       0       0       0       0       0       0       0       0       0       0       0       0       0
      Temps:          0       0       0       0       0       0       0       0       0       0       0       0       0       0       0       0       0
      Totals:         0       0       0       0       0       0       0       0       0       0       0       0       0       0       0       0       0
Total ram usage:        0 bytes
 Hardware stack levels used:    1
 Hardware stack levels required when called:    5
 This function calls:
		_Delay10KTCYx
		_Delay10TCYx
		_PB1pressed
		_PB2pressed
 This function is called by:
		_main
 This function uses a non-reentrant model


 *************** function _SoundAlarm1 *****************
 Defined at:
		line 1047 in file "mini-project-clock.c"
 Parameters:    Size  Location     Type
		None
 Auto vars:     Size  Location     Type
		None
 Return value:  Size  Location     Type
                  1    wreg      void 
 Registers used:
		wreg, status,2, status,0, tblptrl, tblptrh, tblptru, cstack
 Tracked objects:
		On entry : 
		On exit  : 
		Unchanged: 
 Data sizes:     COMRAM   BANK0   BANK1   BANK2   BANK3   BANK4   BANK5   BANK6   BANK7   BANK8   BANK9  BANK10  BANK11  BANK12  BANK13  BANK14  BANK15
      Params:         0       0       0       0       0       0       0       0       0       0       0       0       0       0       0       0       0
      Locals:         0       0       0       0       0       0       0       0       0       0       0       0       0       0       0       0       0
      Temps:          0       0       0       0       0       0       0       0       0       0       0       0       0       0       0       0       0
      Totals:         0       0       0       0       0       0       0       0       0       0       0       0       0       0       0       0       0
Total ram usage:        0 bytes
 Hardware stack levels used:    1
 Hardware stack levels required when called:    5
 This function calls:
		_Delay10KTCYx
		_Delay10TCYx
		_PB1pressed
		_PB2pressed
 This function is called by:
		_main
 This function uses a non-reentrant model


 *************** function _SetMenu *****************
 Defined at:
		line 501 in file "mini-project-clock.c"
 Parameters:    Size  Location     Type
		None
 Auto vars:     Size  Location     Type
		None
 Return value:  Size  Location     Type
                  1    wreg      void 
 Registers used:
		wreg, fsr2l, fsr2h, status,2, status,0, tblptrl, tblptrh, tblptru, prodl, prodh, cstack
 Tracked objects:
		On entry : 
		On exit  : 
		Unchanged: 
 Data sizes:     COMRAM   BANK0   BANK1   BANK2   BANK3   BANK4   BANK5   BANK6   BANK7   BANK8   BANK9  BANK10  BANK11  BANK12  BANK13  BANK14  BANK15
      Params:         0       0       0       0       0       0       0       0       0       0       0       0       0       0       0       0       0
      Locals:         0       0       0       0       0       0       0       0       0       0       0       0       0       0       0       0       0
      Temps:          0       2       0       0       0       0       0       0       0       0       0       0       0       0       0       0       0
      Totals:         0       2       0       0       0       0       0       0       0       0       0       0       0       0       0       0       0
Total ram usage:        2 bytes
 Hardware stack levels used:    1
 Hardware stack levels required when called:    8
 This function calls:
		_Alarm1Flash
		_Alarm2Flash
		_DayFlash
		_HrsFlash
		_MinsFlash
		_MonthFlash
		_Num2Disp
		_SecsFlash
		_SetAlarm1
		_SetAlarm2
		_SetDay
		_SetHrs
		_SetMins
		_SetMonth
		_SetSecs
		_SetYear
		_Switches
		_YearFlash
 This function is called by:
		_main
 This function uses a non-reentrant model


 *************** function _SetAlarm2 *****************
 Defined at:
		line 1211 in file "mini-project-clock.c"
 Parameters:    Size  Location     Type
		None
 Auto vars:     Size  Location     Type
		None
 Return value:  Size  Location     Type
                  1    wreg      void 
 Registers used:
		wreg, fsr2l, fsr2h, status,2, status,0, tblptrl, tblptrh, tblptru, prodl, prodh, cstack
 Tracked objects:
		On entry : 
		On exit  : 
		Unchanged: 
 Data sizes:     COMRAM   BANK0   BANK1   BANK2   BANK3   BANK4   BANK5   BANK6   BANK7   BANK8   BANK9  BANK10  BANK11  BANK12  BANK13  BANK14  BANK15
      Params:         0       0       0       0       0       0       0       0       0       0       0       0       0       0       0       0       0
      Locals:         0       0       0       0       0       0       0       0       0       0       0       0       0       0       0       0       0
      Temps:          0       0       0       0       0       0       0       0       0       0       0       0       0       0       0       0       0
      Totals:         0       0       0       0       0       0       0       0       0       0       0       0       0       0       0       0       0
Total ram usage:        0 bytes
 Hardware stack levels used:    1
 Hardware stack levels required when called:    7
 This function calls:
		_DayFlash
		_Delay10KTCYx
		_HrsFlash
		_MinsFlash
		_MonthFlash
		_Num2Disp
		_PB1pressed
		_PB2pressed
		_SecsFlash
		_SetDay
		_SetHrs
		_SetMins
		_SetMonth
		_SetSecs
		_SetYear
		_Switches
		_YearFlash
 This function is called by:
		_SetMenu
 This function uses a non-reentrant model


 *************** function _YearFlash *****************
 Defined at:
		line 957 in file "mini-project-clock.c"
 Parameters:    Size  Location     Type
		None
 Auto vars:     Size  Location     Type
		None
 Return value:  Size  Location     Type
                  1    wreg      void 
 Registers used:
		wreg, status,2, status,0, tblptrl, tblptrh, tblptru, cstack
 Tracked objects:
		On entry : 
		On exit  : 
		Unchanged: 
 Data sizes:     COMRAM   BANK0   BANK1   BANK2   BANK3   BANK4   BANK5   BANK6   BANK7   BANK8   BANK9  BANK10  BANK11  BANK12  BANK13  BANK14  BANK15
      Params:         0       0       0       0       0       0       0       0       0       0       0       0       0       0       0       0       0
      Locals:         0       0       0       0       0       0       0       0       0       0       0       0       0       0       0       0       0
      Temps:          0       0       0       0       0       0       0       0       0       0       0       0       0       0       0       0       0
      Totals:         0       0       0       0       0       0       0       0       0       0       0       0       0       0       0       0       0
Total ram usage:        0 bytes
 Hardware stack levels used:    1
 Hardware stack levels required when called:    5
 This function calls:
		_Delay10KTCYx
 This function is called by:
		_SetMenu
		_SetAlarm2
 This function uses a non-reentrant model


 *************** function _SetYear *****************
 Defined at:
		line 844 in file "mini-project-clock.c"
 Parameters:    Size  Location     Type
  dy              2    2[BANK0 ] PTR volatile struct .
		 -> Alarm2Date(5), MainDate(5), 
 Auto vars:     Size  Location     Type
		None
 Return value:  Size  Location     Type
                  1    wreg      void 
 Registers used:
		wreg, fsr2l, fsr2h, status,2, status,0, cstack
 Tracked objects:
		On entry : 
		On exit  : 
		Unchanged: 
 Data sizes:     COMRAM   BANK0   BANK1   BANK2   BANK3   BANK4   BANK5   BANK6   BANK7   BANK8   BANK9  BANK10  BANK11  BANK12  BANK13  BANK14  BANK15
      Params:         0       2       0       0       0       0       0       0       0       0       0       0       0       0       0       0       0
      Locals:         0       0       0       0       0       0       0       0       0       0       0       0       0       0       0       0       0
      Temps:          0       2       0       0       0       0       0       0       0       0       0       0       0       0       0       0       0
      Totals:         0       4       0       0       0       0       0       0       0       0       0       0       0       0       0       0       0
Total ram usage:        4 bytes
 Hardware stack levels used:    1
 Hardware stack levels required when called:    5
 This function calls:
		_Delay10KTCYx
		_PB1pressed
		_PB2pressed
 This function is called by:
		_SetMenu
		_SetAlarm2
 This function uses a non-reentrant model


 *************** function _SetMonth *****************
 Defined at:
		line 825 in file "mini-project-clock.c"
 Parameters:    Size  Location     Type
  dm              2    2[BANK0 ] PTR volatile struct .
		 -> Alarm2Date(5), MainDate(5), 
 Auto vars:     Size  Location     Type
		None
 Return value:  Size  Location     Type
                  1    wreg      void 
 Registers used:
		wreg, fsr2l, fsr2h, status,2, status,0, cstack
 Tracked objects:
		On entry : 
		On exit  : 
		Unchanged: 
 Data sizes:     COMRAM   BANK0   BANK1   BANK2   BANK3   BANK4   BANK5   BANK6   BANK7   BANK8   BANK9  BANK10  BANK11  BANK12  BANK13  BANK14  BANK15
      Params:         0       2       0       0       0       0       0       0       0       0       0       0       0       0       0       0       0
      Locals:         0       0       0       0       0       0       0       0       0       0       0       0       0       0       0       0       0
      Temps:          0       1       0       0       0       0       0       0       0       0       0       0       0       0       0       0       0
      Totals:         0       3       0       0       0       0       0       0       0       0       0       0       0       0       0       0       0
Total ram usage:        3 bytes
 Hardware stack levels used:    1
 Hardware stack levels required when called:    5
 This function calls:
		_Delay10KTCYx
		_PB1pressed
		_PB2pressed
 This function is called by:
		_SetMenu
		_SetAlarm2
 This function uses a non-reentrant model


 *************** function _SetDay *****************
 Defined at:
		line 784 in file "mini-project-clock.c"
 Parameters:    Size  Location     Type
  dd              2    9[BANK0 ] PTR volatile struct .
		 -> Alarm2Date(5), MainDate(5), 
 Auto vars:     Size  Location     Type
		None
 Return value:  Size  Location     Type
                  1    wreg      void 
 Registers used:
		wreg, fsr2l, fsr2h, status,2, status,0, tblptrl, tblptrh, tblptru, prodl, prodh, cstack
 Tracked objects:
		On entry : 
		On exit  : 
		Unchanged: 
 Data sizes:     COMRAM   BANK0   BANK1   BANK2   BANK3   BANK4   BANK5   BANK6   BANK7   BANK8   BANK9  BANK10  BANK11  BANK12  BANK13  BANK14  BANK15
      Params:         0       2       0       0       0       0       0       0       0       0       0       0       0       0       0       0       0
      Locals:         0       0       0       0       0       0       0       0       0       0       0       0       0       0       0       0       0
      Temps:          0       2       0       0       0       0       0       0       0       0       0       0       0       0       0       0       0
      Totals:         0       4       0       0       0       0       0       0       0       0       0       0       0       0       0       0       0
Total ram usage:        4 bytes
 Hardware stack levels used:    1
 Hardware stack levels required when called:    6
 This function calls:
		_CalcLeapYear
		_Delay10KTCYx
		_PB1pressed
		_PB2pressed
 This function is called by:
		_SetMenu
		_SetAlarm2
 This function uses a non-reentrant model


 *************** function _MonthFlash *****************
 Defined at:
		line 939 in file "mini-project-clock.c"
 Parameters:    Size  Location     Type
		None
 Auto vars:     Size  Location     Type
		None
 Return value:  Size  Location     Type
                  1    wreg      void 
 Registers used:
		wreg, status,2, status,0, tblptrl, tblptrh, tblptru, cstack
 Tracked objects:
		On entry : 
		On exit  : 
		Unchanged: 
 Data sizes:     COMRAM   BANK0   BANK1   BANK2   BANK3   BANK4   BANK5   BANK6   BANK7   BANK8   BANK9  BANK10  BANK11  BANK12  BANK13  BANK14  BANK15
      Params:         0       0       0       0       0       0       0       0       0       0       0       0       0       0       0       0       0
      Locals:         0       0       0       0       0       0       0       0       0       0       0       0       0       0       0       0       0
      Temps:          0       0       0       0       0       0       0       0       0       0       0       0       0       0       0       0       0
      Totals:         0       0       0       0       0       0       0       0       0       0       0       0       0       0       0       0       0
Total ram usage:        0 bytes
 Hardware stack levels used:    1
 Hardware stack levels required when called:    5
 This function calls:
		_Delay10KTCYx
 This function is called by:
		_SetMenu
		_SetAlarm2
 This function uses a non-reentrant model


 *************** function _DayFlash *****************
 Defined at:
		line 921 in file "mini-project-clock.c"
 Parameters:    Size  Location     Type
		None
 Auto vars:     Size  Location     Type
		None
 Return value:  Size  Location     Type
                  1    wreg      void 
 Registers used:
		wreg, status,2, status,0, tblptrl, tblptrh, tblptru, cstack
 Tracked objects:
		On entry : 
		On exit  : 
		Unchanged: 
 Data sizes:     COMRAM   BANK0   BANK1   BANK2   BANK3   BANK4   BANK5   BANK6   BANK7   BANK8   BANK9  BANK10  BANK11  BANK12  BANK13  BANK14  BANK15
      Params:         0       0       0       0       0       0       0       0       0       0       0       0       0       0       0       0       0
      Locals:         0       0       0       0       0       0       0       0       0       0       0       0       0       0       0       0       0
      Temps:          0       0       0       0       0       0       0       0       0       0       0       0       0       0       0       0       0
      Totals:         0       0       0       0       0       0       0       0       0       0       0       0       0       0       0       0       0
Total ram usage:        0 bytes
 Hardware stack levels used:    1
 Hardware stack levels required when called:    5
 This function calls:
		_Delay10KTCYx
 This function is called by:
		_SetMenu
		_SetAlarm2
 This function uses a non-reentrant model


 *************** function _SetAlarm1 *****************
 Defined at:
		line 993 in file "mini-project-clock.c"
 Parameters:    Size  Location     Type
		None
 Auto vars:     Size  Location     Type
		None
 Return value:  Size  Location     Type
                  1    wreg      void 
 Registers used:
		wreg, fsr2l, fsr2h, status,2, status,0, tblptrl, tblptrh, tblptru, prodl, prodh, cstack
 Tracked objects:
		On entry : 
		On exit  : 
		Unchanged: 
 Data sizes:     COMRAM   BANK0   BANK1   BANK2   BANK3   BANK4   BANK5   BANK6   BANK7   BANK8   BANK9  BANK10  BANK11  BANK12  BANK13  BANK14  BANK15
      Params:         0       0       0       0       0       0       0       0       0       0       0       0       0       0       0       0       0
      Locals:         0       0       0       0       0       0       0       0       0       0       0       0       0       0       0       0       0
      Temps:          0       0       0       0       0       0       0       0       0       0       0       0       0       0       0       0       0
      Totals:         0       0       0       0       0       0       0       0       0       0       0       0       0       0       0       0       0
Total ram usage:        0 bytes
 Hardware stack levels used:    1
 Hardware stack levels required when called:    6
 This function calls:
		_Delay10KTCYx
		_HrsFlash
		_MinsFlash
		_Num2Disp
		_PB1pressed
		_PB2pressed
		_SecsFlash
		_SetHrs
		_SetMins
		_SetSecs
		_Switches
 This function is called by:
		_SetMenu
 This function uses a non-reentrant model


 *************** function _Switches *****************
 Defined at:
		line 490 in file "mini-project-clock.c"
 Parameters:    Size  Location     Type
		None
 Auto vars:     Size  Location     Type
  temp1           1    2[BANK0 ] unsigned char 
  temp2           1    1[BANK0 ] unsigned char 
  temp            1    0[BANK0 ] unsigned char 
 Return value:  Size  Location     Type
                  1    wreg      unsigned char 
 Registers used:
		wreg, status,2, status,0
 Tracked objects:
		On entry : 
		On exit  : 
		Unchanged: 
 Data sizes:     COMRAM   BANK0   BANK1   BANK2   BANK3   BANK4   BANK5   BANK6   BANK7   BANK8   BANK9  BANK10  BANK11  BANK12  BANK13  BANK14  BANK15
      Params:         0       0       0       0       0       0       0       0       0       0       0       0       0       0       0       0       0
      Locals:         0       3       0       0       0       0       0       0       0       0       0       0       0       0       0       0       0
      Temps:          0       0       0       0       0       0       0       0       0       0       0       0       0       0       0       0       0
      Totals:         0       3       0       0       0       0       0       0       0       0       0       0       0       0       0       0       0
Total ram usage:        3 bytes
 Hardware stack levels used:    1
 Hardware stack levels required when called:    4
 This function calls:
		Nothing
 This function is called by:
		_main
		_SetMenu
		_SetAlarm1
		_SetAlarm2
 This function uses a non-reentrant model


 *************** function _SetSecs *****************
 Defined at:
		line 727 in file "mini-project-clock.c"
 Parameters:    Size  Location     Type
  ts              2    2[BANK0 ] PTR volatile struct .
		 -> Alarm2Time(3), Alarm1Time(3), MainTime(3), 
 Auto vars:     Size  Location     Type
		None
 Return value:  Size  Location     Type
                  1    wreg      void 
 Registers used:
		wreg, fsr2l, fsr2h, status,2, status,0, cstack
 Tracked objects:
		On entry : 
		On exit  : 
		Unchanged: 
 Data sizes:     COMRAM   BANK0   BANK1   BANK2   BANK3   BANK4   BANK5   BANK6   BANK7   BANK8   BANK9  BANK10  BANK11  BANK12  BANK13  BANK14  BANK15
      Params:         0       2       0       0       0       0       0       0       0       0       0       0       0       0       0       0       0
      Locals:         0       0       0       0       0       0       0       0       0       0       0       0       0       0       0       0       0
      Temps:          0       1       0       0       0       0       0       0       0       0       0       0       0       0       0       0       0
      Totals:         0       3       0       0       0       0       0       0       0       0       0       0       0       0       0       0       0
Total ram usage:        3 bytes
 Hardware stack levels used:    1
 Hardware stack levels required when called:    5
 This function calls:
		_Delay10KTCYx
		_PB1pressed
		_PB2pressed
 This function is called by:
		_SetMenu
		_SetAlarm1
		_SetAlarm2
 This function uses a non-reentrant model


 *************** function _SetMins *****************
 Defined at:
		line 746 in file "mini-project-clock.c"
 Parameters:    Size  Location     Type
  tm              2    2[BANK0 ] PTR volatile struct .
		 -> Alarm2Time(3), Alarm1Time(3), MainTime(3), 
 Auto vars:     Size  Location     Type
		None
 Return value:  Size  Location     Type
                  1    wreg      void 
 Registers used:
		wreg, fsr2l, fsr2h, status,2, status,0, cstack
 Tracked objects:
		On entry : 
		On exit  : 
		Unchanged: 
 Data sizes:     COMRAM   BANK0   BANK1   BANK2   BANK3   BANK4   BANK5   BANK6   BANK7   BANK8   BANK9  BANK10  BANK11  BANK12  BANK13  BANK14  BANK15
      Params:         0       2       0       0       0       0       0       0       0       0       0       0       0       0       0       0       0
[...]
 Data sizes:     COMRAM   BANK0   BANK1   BANK2   BANK3   BANK4   BANK5   BANK6   BANK7   BANK8   BANK9  BANK10  BANK11  BANK12  BANK13  BANK14  BANK15
      Params:         0       2       0       0       0       0       0       0       0       0       0       0       0       0       0       0       0
      Locals:         0       0       0       0       0       0       0       0       0       0       0       0       0       0       0       0       0
      Temps:          0       2       0       0       0       0       0       0       0       0       0       0       0       0       0       0       0
      Totals:         0       4       0       0       0       0       0       0       0       0       0       0       0       0       0       0       0
Total ram usage:        4 bytes
 Hardware stack levels used:    1
 Hardware stack levels required when called:    5
 This function calls:
		___lwmod
 This function is called by:
		_CalcDate
		_SetDay
 This function uses a non-reentrant model


 *************** function ___lwmod *****************
 Defined at:
		line 8 in file "C:\Program Files (x86)\Microchip\xc8\v1.38\sources\common\lwmod.c"
 Parameters:    Size  Location     Type
  dividend        2    0[BANK0 ] unsigned int 
  divisor         2    2[BANK0 ] unsigned int 
 Auto vars:     Size  Location     Type
  counter         1    4[BANK0 ] unsigned char 
 Return value:  Size  Location     Type
                  2    0[BANK0 ] unsigned int 
 Registers used:
		wreg, status,2, status,0
 Tracked objects:
		On entry : 
		On exit  : 
		Unchanged: 
 Data sizes:     COMRAM   BANK0   BANK1   BANK2   BANK3   BANK4   BANK5   BANK6   BANK7   BANK8   BANK9  BANK10  BANK11  BANK12  BANK13  BANK14  BANK15
      Params:         0       4       0       0       0       0       0       0       0       0       0       0       0       0       0       0       0
      Locals:         0       1       0       0       0       0       0       0       0       0       0       0       0       0       0       0       0
      Temps:          0       0       0       0       0       0       0       0       0       0       0       0       0       0       0       0       0
      Totals:         0       5       0       0       0       0       0       0       0       0       0       0       0       0       0       0       0
Total ram usage:        5 bytes
 Hardware stack levels used:    1
 Hardware stack levels required when called:    4
 This function calls:
		Nothing
 This function is called by:
		_CalcLeapYear
 This function uses a non-reentrant model


 *************** function _BootTest *****************
 Defined at:
		line 629 in file "mini-project-clock.c"
 Parameters:    Size  Location     Type
		None
 Auto vars:     Size  Location     Type
		None
 Return value:  Size  Location     Type
                  1    wreg      void 
 Registers used:
		wreg, status,2, status,0, cstack
 Tracked objects:
		On entry : 
		On exit  : 
		Unchanged: 
 Data sizes:     COMRAM   BANK0   BANK1   BANK2   BANK3   BANK4   BANK5   BANK6   BANK7   BANK8   BANK9  BANK10  BANK11  BANK12  BANK13  BANK14  BANK15
      Params:         0       0       0       0       0       0       0       0       0       0       0       0       0       0       0       0       0
      Locals:         0       0       0       0       0       0       0       0       0       0       0       0       0       0       0       0       0
      Temps:          0       0       0       0       0       0       0       0       0       0       0       0       0       0       0       0       0
      Totals:         0       0       0       0       0       0       0       0       0       0       0       0       0       0       0       0       0
Total ram usage:        0 bytes
 Hardware stack levels used:    1
 Hardware stack levels required when called:    5
 This function calls:
		_Delay10KTCYx
		_Delay10TCYx
 This function is called by:
		_main
 This function uses a non-reentrant model


 *************** function _Delay10TCYx *****************
 Defined at:
		line 8 in file "C:\Program Files (x86)\Microchip\xc8\v1.38\sources\pic18\d10tcyx.c"
 Parameters:    Size  Location     Type
  unit            1    wreg     unsigned char 
 Auto vars:     Size  Location     Type
  unit            1    0[BANK0 ] unsigned char 
 Return value:  Size  Location     Type
                  1    wreg      void 
 Registers used:
		wreg
 Tracked objects:
		On entry : 
		On exit  : 
		Unchanged: 
 Data sizes:     COMRAM   BANK0   BANK1   BANK2   BANK3   BANK4   BANK5   BANK6   BANK7   BANK8   BANK9  BANK10  BANK11  BANK12  BANK13  BANK14  BANK15
      Params:         0       0       0       0       0       0       0       0       0       0       0       0       0       0       0       0       0
      Locals:         0       1       0       0       0       0       0       0       0       0       0       0       0       0       0       0       0
      Temps:          0       0       0       0       0       0       0       0       0       0       0       0       0       0       0       0       0
      Totals:         0       1       0       0       0       0       0       0       0       0       0       0       0       0       0       0       0
Total ram usage:        1 bytes
 Hardware stack levels used:    1
 Hardware stack levels required when called:    4
 This function calls:
		Nothing
 This function is called by:
		_BootTest
		_SoundAlarm1
		_SoundAlarm2
 This function uses a non-reentrant model


 *************** function _Delay10KTCYx *****************
 Defined at:
		line 8 in file "C:\Program Files (x86)\Microchip\xc8\v1.38\sources\pic18\d10ktcyx.c"
 Parameters:    Size  Location     Type
  unit            1    wreg     unsigned char 
 Auto vars:     Size  Location     Type
  unit            1    1[BANK0 ] unsigned char 
 Return value:  Size  Location     Type
                  1    wreg      void 
 Registers used:
		wreg
 Tracked objects:
		On entry : 
		On exit  : 
		Unchanged: 
 Data sizes:     COMRAM   BANK0   BANK1   BANK2   BANK3   BANK4   BANK5   BANK6   BANK7   BANK8   BANK9  BANK10  BANK11  BANK12  BANK13  BANK14  BANK15
      Params:         0       0       0       0       0       0       0       0       0       0       0       0       0       0       0       0       0
      Locals:         0       1       0       0       0       0       0       0       0       0       0       0       0       0       0       0       0
      Temps:          0       1       0       0       0       0       0       0       0       0       0       0       0       0       0       0       0
      Totals:         0       2       0       0       0       0       0       0       0       0       0       0       0       0       0       0       0
Total ram usage:        2 bytes
 Hardware stack levels used:    1
 Hardware stack levels required when called:    4
 This function calls:
		Nothing
 This function is called by:
		_main
		_BootTest
		_SetSecs
		_SetMins
		_SetHrs
		_SetDay
		_SetMonth
		_SetYear
		_SecsFlash
		_MinsFlash
		_HrsFlash
		_DayFlash
		_MonthFlash
		_YearFlash
		_Alarm1Flash
		_SetAlarm1
		_SoundAlarm1
		_Alarm2Flash
		_SetAlarm2
		_SoundAlarm2
 This function uses a non-reentrant model


 *************** function _lp_isr *****************
 Defined at:
		line 358 in file "mini-project-clock.c"
 Parameters:    Size  Location     Type
		None
 Auto vars:     Size  Location     Type
		None
 Return value:  Size  Location     Type
                  1    wreg      void 
 Registers used:
		wreg, status,2, status,0, cstack
 Tracked objects:
		On entry : 
		On exit  : 
		Unchanged: 
 Data sizes:     COMRAM   BANK0   BANK1   BANK2   BANK3   BANK4   BANK5   BANK6   BANK7   BANK8   BANK9  BANK10  BANK11  BANK12  BANK13  BANK14  BANK15
      Params:         0       0       0       0       0       0       0       0       0       0       0       0       0       0       0       0       0
      Locals:         0       0       0       0       0       0       0       0       0       0       0       0       0       0       0       0       0
      Temps:         17       0       0       0       0       0       0       0       0       0       0       0       0       0       0       0       0
      Totals:        17       0       0       0       0       0       0       0       0       0       0       0       0       0       0       0       0
Total ram usage:       17 bytes
 Hardware stack levels used:    1
 Hardware stack levels required when called:    3
 This function calls:
		_Timer0_isr
		i1_WriteTimer0
 This function is called by:
		Interrupt level 1
 This function uses a non-reentrant model


 *************** function i1_WriteTimer0 *****************
 Defined at:
		line 16 in file "C:\Program Files (x86)\Microchip\xc8\v1.38\sources\pic18\plib\Timers\t0write.c"
 Parameters:    Size  Location     Type
  timer0          2   18[COMRAM] unsigned int 
 Auto vars:     Size  Location     Type
  WriteTimer0     2   20[COMRAM] struct Timers
 Return value:  Size  Location     Type
                  1    wreg      void 
 Registers used:
		None
 Tracked objects:
		On entry : 
		On exit  : 
		Unchanged: 
 Data sizes:     COMRAM   BANK0   BANK1   BANK2   BANK3   BANK4   BANK5   BANK6   BANK7   BANK8   BANK9  BANK10  BANK11  BANK12  BANK13  BANK14  BANK15
      Params:         2       0       0       0       0       0       0       0       0       0       0       0       0       0       0       0       0
      Locals:         2       0       0       0       0       0       0       0       0       0       0       0       0       0       0       0       0
      Temps:          0       0       0       0       0       0       0       0       0       0       0       0       0       0       0       0       0
      Totals:         4       0       0       0       0       0       0       0       0       0       0       0       0       0       0       0       0
Total ram usage:        4 bytes
 Hardware stack levels used:    1
 Hardware stack levels required when called:    2
 This function calls:
		Nothing
 This function is called by:
		_lp_isr
 This function uses a non-reentrant model


 *************** function _Timer0_isr *****************
 Defined at:
		line 376 in file "mini-project-clock.c"
 Parameters:    Size  Location     Type
		None
 Auto vars:     Size  Location     Type
		None
 Return value:  Size  Location     Type
                  1    wreg      void 
 Registers used:
		wreg, status,2, status,0
 Tracked objects:
		On entry : 
		On exit  : 
		Unchanged: 
 Data sizes:     COMRAM   BANK0   BANK1   BANK2   BANK3   BANK4   BANK5   BANK6   BANK7   BANK8   BANK9  BANK10  BANK11  BANK12  BANK13  BANK14  BANK15
      Params:         0       0       0       0       0       0       0       0       0       0       0       0       0       0       0       0       0
      Locals:         0       0       0       0       0       0       0       0       0       0       0       0       0       0       0       0       0
      Temps:          0       0       0       0       0       0       0       0       0       0       0       0       0       0       0       0       0
      Totals:         0       0       0       0       0       0       0       0       0       0       0       0       0       0       0       0       0
Total ram usage:        0 bytes
 Hardware stack levels used:    1
 Hardware stack levels required when called:    2
 This function calls:
		Nothing
 This function is called by:
		_lp_isr
 This function uses a non-reentrant model


 *************** function _hp_secs_count_isr *****************
 Defined at:
		line 350 in file "mini-project-clock.c"
 Parameters:    Size  Location     Type
		None
 Auto vars:     Size  Location     Type
		None
 Return value:  Size  Location     Type
                  1    wreg      void 
 Registers used:
		wreg, status,2, status,0, cstack
 Tracked objects:
		On entry : 
		On exit  : 
		Unchanged: 
 Data sizes:     COMRAM   BANK0   BANK1   BANK2   BANK3   BANK4   BANK5   BANK6   BANK7   BANK8   BANK9  BANK10  BANK11  BANK12  BANK13  BANK14  BANK15
      Params:         0       0       0       0       0       0       0       0       0       0       0       0       0       0       0       0       0
      Locals:         0       0       0       0       0       0       0       0       0       0       0       0       0       0       0       0       0
      Temps:         14       0       0       0       0       0       0       0       0       0       0       0       0       0       0       0       0
      Totals:        14       0       0       0       0       0       0       0       0       0       0       0       0       0       0       0       0
Total ram usage:       14 bytes
 Hardware stack levels used:    1
 Hardware stack levels required when called:    1
 This function calls:
		_Timer1_isr
		i2_WriteTimer1
 This function is called by:
		Interrupt level 2
 This function uses a non-reentrant model


 *************** function i2_WriteTimer1 *****************
 Defined at:
		line 14 in file "C:\Program Files (x86)\Microchip\xc8\v1.38\sources\pic18\plib\Timers\t1write.c"
 Parameters:    Size  Location     Type
  timer1          2    0[COMRAM] unsigned int 
 Auto vars:     Size  Location     Type
  WriteTimer1     2    2[COMRAM] struct Timers
 Return value:  Size  Location     Type
                  1    wreg      void 
 Registers used:
		None
 Tracked objects:
		On entry : 
		On exit  : 
		Unchanged: 
 Data sizes:     COMRAM   BANK0   BANK1   BANK2   BANK3   BANK4   BANK5   BANK6   BANK7   BANK8   BANK9  BANK10  BANK11  BANK12  BANK13  BANK14  BANK15
      Params:         2       0       0       0       0       0       0       0       0       0       0       0       0       0       0       0       0
      Locals:         2       0       0       0       0       0       0       0       0       0       0       0       0       0       0       0       0
      Temps:          0       0       0       0       0       0       0       0       0       0       0       0       0       0       0       0       0
      Totals:         4       0       0       0       0       0       0       0       0       0       0       0       0       0       0       0       0
Total ram usage:        4 bytes
 Hardware stack levels used:    1
 This function calls:
		Nothing
 This function is called by:
		_hp_secs_count_isr
 This function uses a non-reentrant model


 *************** function _Timer1_isr *****************
 Defined at:
		line 366 in file "mini-project-clock.c"
 Parameters:    Size  Location     Type
		None
 Auto vars:     Size  Location     Type
		None
 Return value:  Size  Location     Type
                  1    wreg      void 
 Registers used:
		wreg, status,2, status,0
 Tracked objects:
		On entry : 
		On exit  : 
		Unchanged: 
 Data sizes:     COMRAM   BANK0   BANK1   BANK2   BANK3   BANK4   BANK5   BANK6   BANK7   BANK8   BANK9  BANK10  BANK11  BANK12  BANK13  BANK14  BANK15
      Params:         0       0       0       0       0       0       0       0       0       0       0       0       0       0       0       0       0
      Locals:         0       0       0       0       0       0       0       0       0       0       0       0       0       0       0       0       0
      Temps:          0       0       0       0       0       0       0       0       0       0       0       0       0       0       0       0       0
      Totals:         0       0       0       0       0       0       0       0       0       0       0       0       0       0       0       0       0
Total ram usage:        0 bytes
 Hardware stack levels used:    1
 This function calls:
		Nothing
 This function is called by:
		_hp_secs_count_isr
 This function uses a non-reentrant model



MODULE INFORMATION

Module		Function		Class		Link	Load	Size
C:\Program Files (x86)\Microchip\xc8\v1.38\sources\common\lwmod.c
		___lwmod       		CODE           	711E	0000	99

C:\Program Files (x86)\Microchip\xc8\v1.38\sources\common\lwmod.c estimated size: 99

C:\Program Files (x86)\Microchip\xc8\v1.38\sources\common\awmod.c
		___awmod       		CODE           	6BF2	0000	163

C:\Program Files (x86)\Microchip\xc8\v1.38\sources\common\awmod.c estimated size: 163

C:\Program Files (x86)\Microchip\xc8\v1.38\sources\pic18\d10ktcyx.c
		_Delay10KTCYx  		CODE           	7310	0000	29

C:\Program Files (x86)\Microchip\xc8\v1.38\sources\pic18\d10ktcyx.c estimated size: 29

mini-project-clock.c
		_SetAlarm1     		CODE           	61D8	0000	387
		_SetAlarm2     		CODE           	5DC2	0000	555
		_Timer0_isr    		CODE           	7180	0000	87
		_YearFlash     		CODE           	6E00	0000	115
		_DayFlash      		CODE           	6E72	0000	115
		_Alarm2Flash   		CODE           	703A	0000	115
		_SecsFlash     		CODE           	6EE4	0000	115
		_BootTest      		CODE           	71D6	0000	69
		_MonthFlash    		CODE           	6D18	0000	117
		_SetDay        		CODE           	58EC	0000	637
		_main          		CODE           	5FEC	0000	493
		_Switches      		CODE           	7290	0000	49
		_HrsFlash      		CODE           	6FC8	0000	115
		_CurrentDisplay		CODE           	65AA	0000	225
		_enable_interrupts_all		CODE           	73E4	0000	9
		_Num2Disp      		CODE           	6912	0000	211
		_Timer1_isr    		CODE           	7372	0000	23
		_SetMenu       		CODE           	5B68	0000	603
		_SetHrs        		CODE           	6AA2	0000	169
		_SetMonth      		CODE           	668A	0000	217
		_hp_secs_count_isr		CODE           	0008	0000	147
		_StartTimer0   		CODE           	735C	0000	23
		_StartTimer1   		CODE           	7346	0000	23
		_PB1pressed    		CODE           	72E8	0000	41
		_CalcTime      		CODE           	721A	0000	61
		_PB2pressed    		CODE           	72C0	0000	41
		_CalcLeapYear  		CODE           	6D8C	0000	117
		_ConfigureIO   		CODE           	732C	0000	27
		_MinsFlash     		CODE           	6F56	0000	115
		_SoundAlarm1   		CODE           	1040	0000	10277
		_SoundAlarm2   		CODE           	3864	0000	8329
		_lp_isr        		CODE           	0018	0000	165
		_SetMins       		CODE           	683A	0000	217
		_SetSecs       		CODE           	6762	0000	217
		_Alarm1Flash   		CODE           	70AC	0000	115
		_CalcDate      		CODE           	6B4A	0000	169
		_SetYear       		CODE           	635A	0000	329
		_CompareTimes  		CODE           	64A2	0000	265

mini-project-clock.c estimated size: 25104

C:\Program Files (x86)\Microchip\xc8\v1.38\sources\common\awdiv.c
		___awdiv       		CODE           	69E4	0000	191

C:\Program Files (x86)\Microchip\xc8\v1.38\sources\common\awdiv.c estimated size: 191

shared
		_DispNums      		SMALLCONST     	1034	0000	11
		_DaysInMonth   		SMALLCONST     	101A	0000	14
		__initialization		CODE           	7256	0000	49
		_DispChars     		SMALLCONST     	1001	0000	26
		i1_WriteTimer0 		CODE           	73C0	0000	19
		i2_WriteTimer1 		CODE           	73D2	0000	19
		_DaysInMonthLeap		SMALLCONST     	1027	0000	14

shared estimated size: 152

C:\Program Files (x86)\Microchip\xc8\v1.38\sources\pic18\plib\Timers\t1write.c
		_WriteTimer1   		CODE           	739C	0000	19

C:\Program Files (x86)\Microchip\xc8\v1.38\sources\pic18\plib\Timers\t1write.c estimated size: 19

C:\Program Files (x86)\Microchip\xc8\v1.38\sources\pic18\d10tcyx.c
		_Delay10TCYx   		CODE           	7388	0000	21

C:\Program Files (x86)\Microchip\xc8\v1.38\sources\pic18\d10tcyx.c estimated size: 21

C:\Program Files (x86)\Microchip\xc8\v1.38\sources\pic18\plib\Timers\t0write.c
		_WriteTimer0   		CODE           	73AE	0000	19

C:\Program Files (x86)\Microchip\xc8\v1.38\sources\pic18\plib\Timers\t0write.c estimated size: 19

